This is pdfTeX, Version 3.141592653-2.6-1.40.28 (TeX Live 2025) (preloaded format=pdflatex 2025.10.17)  13 FEB 2026 16:38
entering extended mode
 restricted \write18 enabled.
 file:line:error style messages enabled.
 %&-line parsing enabled.
**c:/Users/Rognon/Documents/GitHub/varsel.extdata/WIP/paper/jasa.sub/supplements.tex
(c:/Users/Rognon/Documents/GitHub/varsel.extdata/WIP/paper/jasa.sub/supplements.tex
LaTeX2e <2025-06-01> patch level 1
L3 programming layer <2025-09-02>
(c:/texlive/2025/texmf-dist/tex/latex/base/article.cls
Document Class: article 2025/01/22 v1.4n Standard LaTeX document class
(c:/texlive/2025/texmf-dist/tex/latex/base/size12.clo
File: size12.clo 2025/01/22 v1.4n Standard LaTeX file (size option)
)
\c@part=\count275
\c@section=\count276
\c@subsection=\count277
\c@subsubsection=\count278
\c@paragraph=\count279
\c@subparagraph=\count280
\c@figure=\count281
\c@table=\count282
\abovecaptionskip=\skip49
\belowcaptionskip=\skip50
\bibindent=\dimen148
) (c:/texlive/2025/texmf-dist/tex/latex/amsmath/amsmath.sty
Package: amsmath 2025/06/16 v2.17y AMS math features
\@mathmargin=\skip51

For additional information on amsmath, use the `?' option.
(c:/texlive/2025/texmf-dist/tex/latex/amsmath/amstext.sty
Package: amstext 2024/11/17 v2.01 AMS text
 (c:/texlive/2025/texmf-dist/tex/latex/amsmath/amsgen.sty
File: amsgen.sty 1999/11/30 v2.0 generic functions
\@emptytoks=\toks17
\ex@=\dimen149
)) (c:/texlive/2025/texmf-dist/tex/latex/amsmath/amsbsy.sty
Package: amsbsy 1999/11/29 v1.2d Bold Symbols
\pmbraise@=\dimen150
) (c:/texlive/2025/texmf-dist/tex/latex/amsmath/amsopn.sty
Package: amsopn 2022/04/08 v2.04 operator names
)
\inf@bad=\count283
LaTeX Info: Redefining \frac on input line 233.
\uproot@=\count284
\leftroot@=\count285
LaTeX Info: Redefining \overline on input line 398.
LaTeX Info: Redefining \colon on input line 409.
\classnum@=\count286
\DOTSCASE@=\count287
LaTeX Info: Redefining \ldots on input line 495.
LaTeX Info: Redefining \dots on input line 498.
LaTeX Info: Redefining \cdots on input line 619.
\Mathstrutbox@=\box53
\strutbox@=\box54
LaTeX Info: Redefining \big on input line 721.
LaTeX Info: Redefining \Big on input line 722.
LaTeX Info: Redefining \bigg on input line 723.
LaTeX Info: Redefining \Bigg on input line 724.
\big@size=\dimen151
LaTeX Font Info:    Redeclaring font encoding OML on input line 742.
LaTeX Font Info:    Redeclaring font encoding OMS on input line 743.
\macc@depth=\count288
LaTeX Info: Redefining \bmod on input line 904.
LaTeX Info: Redefining \pmod on input line 909.
LaTeX Info: Redefining \smash on input line 939.
LaTeX Info: Redefining \relbar on input line 969.
LaTeX Info: Redefining \Relbar on input line 970.
\c@MaxMatrixCols=\count289
\dotsspace@=\muskip17
\c@parentequation=\count290
\dspbrk@lvl=\count291
\tag@help=\toks18
\row@=\count292
\column@=\count293
\maxfields@=\count294
\andhelp@=\toks19
\eqnshift@=\dimen152
\alignsep@=\dimen153
\tagshift@=\dimen154
\tagwidth@=\dimen155
\totwidth@=\dimen156
\lineht@=\dimen157
\@envbody=\toks20
\multlinegap=\skip52
\multlinetaggap=\skip53
\mathdisplay@stack=\toks21
LaTeX Info: Redefining \[ on input line 2949.
LaTeX Info: Redefining \] on input line 2950.
) (c:/texlive/2025/texmf-dist/tex/latex/amsfonts/amssymb.sty
Package: amssymb 2013/01/14 v3.01 AMS font symbols
 (c:/texlive/2025/texmf-dist/tex/latex/amsfonts/amsfonts.sty
Package: amsfonts 2013/01/14 v3.01 Basic AMSFonts support
\symAMSa=\mathgroup4
\symAMSb=\mathgroup5
LaTeX Font Info:    Redeclaring math symbol \hbar on input line 98.
LaTeX Font Info:    Overwriting math alphabet `\mathfrak' in version `bold'
(Font)                  U/euf/m/n --> U/euf/b/n on input line 106.
)) (c:/texlive/2025/texmf-dist/tex/latex/amscls/amsthm.sty
Package: amsthm 2020/05/29 v2.20.6
\thm@style=\toks22
\thm@bodyfont=\toks23
\thm@headfont=\toks24
\thm@notefont=\toks25
\thm@headpunct=\toks26
\thm@preskip=\skip54
\thm@postskip=\skip55
\thm@headsep=\skip56
\dth@everypar=\toks27
) (c:/texlive/2025/texmf-dist/tex/generic/iftex/iftex.sty
Package: iftex 2024/12/12 v1.0g TeX engine tests
) (c:/texlive/2025/texmf-dist/tex/latex/base/fontenc.sty
Package: fontenc 2024/12/21 v2.1c Standard LaTeX package
) (c:/texlive/2025/texmf-dist/tex/latex/base/inputenc.sty
Package: inputenc 2024/02/08 v1.3d Input encoding file
\inpenc@prehook=\toks28
\inpenc@posthook=\toks29
) (c:/texlive/2025/texmf-dist/tex/latex/base/textcomp.sty
Package: textcomp 2024/04/24 v2.1b Standard LaTeX package
) (c:/texlive/2025/texmf-dist/tex/latex/lm/lmodern.sty
Package: lmodern 2015/05/01 v1.6.1 Latin Modern Fonts
LaTeX Font Info:    Overwriting symbol font `operators' in version `normal'
(Font)                  OT1/cmr/m/n --> OT1/lmr/m/n on input line 22.
LaTeX Font Info:    Overwriting symbol font `letters' in version `normal'
(Font)                  OML/cmm/m/it --> OML/lmm/m/it on input line 23.
LaTeX Font Info:    Overwriting symbol font `symbols' in version `normal'
(Font)                  OMS/cmsy/m/n --> OMS/lmsy/m/n on input line 24.
LaTeX Font Info:    Overwriting symbol font `largesymbols' in version `normal'
(Font)                  OMX/cmex/m/n --> OMX/lmex/m/n on input line 25.
LaTeX Font Info:    Overwriting symbol font `operators' in version `bold'
(Font)                  OT1/cmr/bx/n --> OT1/lmr/bx/n on input line 26.
LaTeX Font Info:    Overwriting symbol font `letters' in version `bold'
(Font)                  OML/cmm/b/it --> OML/lmm/b/it on input line 27.
LaTeX Font Info:    Overwriting symbol font `symbols' in version `bold'
(Font)                  OMS/cmsy/b/n --> OMS/lmsy/b/n on input line 28.
LaTeX Font Info:    Overwriting symbol font `largesymbols' in version `bold'
(Font)                  OMX/cmex/m/n --> OMX/lmex/m/n on input line 29.
LaTeX Font Info:    Overwriting math alphabet `\mathbf' in version `normal'
(Font)                  OT1/cmr/bx/n --> OT1/lmr/bx/n on input line 31.
LaTeX Font Info:    Overwriting math alphabet `\mathsf' in version `normal'
(Font)                  OT1/cmss/m/n --> OT1/lmss/m/n on input line 32.
LaTeX Font Info:    Overwriting math alphabet `\mathit' in version `normal'
(Font)                  OT1/cmr/m/it --> OT1/lmr/m/it on input line 33.
LaTeX Font Info:    Overwriting math alphabet `\mathtt' in version `normal'
(Font)                  OT1/cmtt/m/n --> OT1/lmtt/m/n on input line 34.
LaTeX Font Info:    Overwriting math alphabet `\mathbf' in version `bold'
(Font)                  OT1/cmr/bx/n --> OT1/lmr/bx/n on input line 35.
LaTeX Font Info:    Overwriting math alphabet `\mathsf' in version `bold'
(Font)                  OT1/cmss/bx/n --> OT1/lmss/bx/n on input line 36.
LaTeX Font Info:    Overwriting math alphabet `\mathit' in version `bold'
(Font)                  OT1/cmr/bx/it --> OT1/lmr/bx/it on input line 37.
LaTeX Font Info:    Overwriting math alphabet `\mathtt' in version `bold'
(Font)                  OT1/cmtt/m/n --> OT1/lmtt/m/n on input line 38.
) (c:/texlive/2025/texmf-dist/tex/latex/upquote/upquote.sty
Package: upquote 2012/04/19 v1.3 upright-quote and grave-accent glyphs in verbatim
) (c:/texlive/2025/texmf-dist/tex/latex/microtype/microtype.sty
Package: microtype 2025/07/09 v3.2b Micro-typographical refinements (RS)
 (c:/texlive/2025/texmf-dist/tex/latex/graphics/keyval.sty
Package: keyval 2022/05/29 v1.15 key=value parser (DPC)
\KV@toks@=\toks30
) (c:/texlive/2025/texmf-dist/tex/latex/etoolbox/etoolbox.sty
Package: etoolbox 2025/10/02 v2.5m e-TeX tools for LaTeX (JAW)
\etb@tempcnta=\count295
)
\MT@toks=\toks31
\MT@tempbox=\box55
\MT@count=\count296
LaTeX Info: Redefining \noprotrusionifhmode on input line 1087.
LaTeX Info: Redefining \leftprotrusion on input line 1088.
\MT@prot@toks=\toks32
LaTeX Info: Redefining \rightprotrusion on input line 1107.
LaTeX Info: Redefining \textls on input line 1449.
\MT@outer@kern=\dimen158
LaTeX Info: Redefining \microtypecontext on input line 2053.
LaTeX Info: Redefining \textmicrotypecontext on input line 2070.
\MT@listname@count=\count297
 (c:/texlive/2025/texmf-dist/tex/latex/microtype/microtype-pdftex.def
File: microtype-pdftex.def 2025/07/09 v3.2b Definitions specific to pdftex (RS)
LaTeX Info: Redefining \lsstyle on input line 944.
LaTeX Info: Redefining \lslig on input line 944.
\MT@outer@space=\skip57
)
Package microtype Info: Loading configuration file microtype.cfg.
 (c:/texlive/2025/texmf-dist/tex/latex/microtype/microtype.cfg
File: microtype.cfg 2025/07/09 v3.2b microtype main configuration file (RS)
)
LaTeX Info: Redefining \microtypesetup on input line 3065.
) (c:/texlive/2025/texmf-dist/tex/latex/parskip/parskip.sty
Package: parskip 2021-03-14 v2.0h non-zero parskip adjustments
 (c:/texlive/2025/texmf-dist/tex/latex/kvoptions/kvoptions.sty
Package: kvoptions 2022-06-15 v3.15 Key value format for package options (HO)
 (c:/texlive/2025/texmf-dist/tex/generic/ltxcmds/ltxcmds.sty
Package: ltxcmds 2023-12-04 v1.26 LaTeX kernel commands for general use (HO)
) (c:/texlive/2025/texmf-dist/tex/latex/kvsetkeys/kvsetkeys.sty
Package: kvsetkeys 2022-10-05 v1.19 Key value parser (HO)
))) (c:/texlive/2025/texmf-dist/tex/latex/xcolor/xcolor.sty
Package: xcolor 2024/09/29 v3.02 LaTeX color extensions (UK)
 (c:/texlive/2025/texmf-dist/tex/latex/graphics-cfg/color.cfg
File: color.cfg 2016/01/02 v1.6 sample color configuration
)
Package xcolor Info: Driver file: pdftex.def on input line 274.
 (c:/texlive/2025/texmf-dist/tex/latex/graphics-def/pdftex.def
File: pdftex.def 2025/09/29 v1.2d Graphics/color driver for pdftex
) (c:/texlive/2025/texmf-dist/tex/latex/graphics/mathcolor.ltx)
Package xcolor Info: Model `cmy' substituted by `cmy0' on input line 1349.
Package xcolor Info: Model `hsb' substituted by `rgb' on input line 1353.
Package xcolor Info: Model `RGB' extended on input line 1365.
Package xcolor Info: Model `HTML' substituted by `rgb' on input line 1367.
Package xcolor Info: Model `Hsb' substituted by `hsb' on input line 1368.
Package xcolor Info: Model `tHsb' substituted by `hsb' on input line 1369.
Package xcolor Info: Model `HSB' substituted by `hsb' on input line 1370.
Package xcolor Info: Model `Gray' substituted by `gray' on input line 1371.
Package xcolor Info: Model `wave' substituted by `hsb' on input line 1372.
) (c:/texlive/2025/texmf-dist/tex/latex/graphics/dvipsnam.def
File: dvipsnam.def 2016/06/17 v3.0m Driver-dependent file (DPC,SPQR)
) (c:/texlive/2025/texmf-dist/tex/latex/xcolor/svgnam.def
File: svgnam.def 2024/09/29 v3.02 Predefined colors according to SVG 1.1 (UK)
) (c:/texlive/2025/texmf-dist/tex/latex/xcolor/x11nam.def
File: x11nam.def 2024/09/29 v3.02 Predefined colors according to Unix/X11 (UK)
) (c:/texlive/2025/texmf-dist/tex/latex/tools/longtable.sty
Package: longtable 2024-12-18 v4.23 Multi-page Table package (DPC)
\LTleft=\skip58
\LTright=\skip59
\LTpre=\skip60
\LTpost=\skip61
\LTchunksize=\count298
\LTcapwidth=\dimen159
\LT@head=\box56
\LT@firsthead=\box57
\LT@foot=\box58
\LT@lastfoot=\box59
\LT@gbox=\box60
\LT@cols=\count299
\LT@rows=\count300
\c@LT@tables=\count301
\c@LT@chunks=\count302
\LT@p@ftn=\toks33
) (c:/texlive/2025/texmf-dist/tex/latex/booktabs/booktabs.sty
Package: booktabs 2020/01/12 v1.61803398 Publication quality tables
\heavyrulewidth=\dimen160
\lightrulewidth=\dimen161
\cmidrulewidth=\dimen162
\belowrulesep=\dimen163
\belowbottomsep=\dimen164
\aboverulesep=\dimen165
\abovetopsep=\dimen166
\cmidrulesep=\dimen167
\cmidrulekern=\dimen168
\defaultaddspace=\dimen169
\@cmidla=\count303
\@cmidlb=\count304
\@aboverulesep=\dimen170
\@belowrulesep=\dimen171
\@thisruleclass=\count305
\@lastruleclass=\count306
\@thisrulewidth=\dimen172
) (c:/texlive/2025/texmf-dist/tex/latex/tools/array.sty
Package: array 2025/06/08 v2.6j Tabular extension package (FMi)
\col@sep=\dimen173
\ar@mcellbox=\box61
\extrarowheight=\dimen174
\NC@list=\toks34
\extratabsurround=\skip62
\backup@length=\skip63
\ar@cellbox=\box62
) (c:/texlive/2025/texmf-dist/tex/latex/tools/calc.sty
Package: calc 2025/03/01 v4.3b Infix arithmetic (KKT,FJ)
\calc@Acount=\count307
\calc@Bcount=\count308
\calc@Adimen=\dimen175
\calc@Bdimen=\dimen176
\calc@Askip=\skip64
\calc@Bskip=\skip65
LaTeX Info: Redefining \setlength on input line 86.
LaTeX Info: Redefining \addtolength on input line 87.
\calc@Ccount=\count309
\calc@Cskip=\skip66
) (c:/texlive/2025/texmf-dist/tex/latex/footnotehyper/footnotehyper.sty
Package: footnotehyper 2021/08/13 v1.1e hyperref aware footnote.sty (JFB)
\FNH@notes=\box63
\FNH@width=\dimen177
\FNH@toks=\toks35
) (c:/texlive/2025/texmf-dist/tex/latex/graphics/graphicx.sty
Package: graphicx 2024/12/31 v1.2e Enhanced LaTeX Graphics (DPC,SPQR)
 (c:/texlive/2025/texmf-dist/tex/latex/graphics/graphics.sty
Package: graphics 2024/08/06 v1.4g Standard LaTeX Graphics (DPC,SPQR)
 (c:/texlive/2025/texmf-dist/tex/latex/graphics/trig.sty
Package: trig 2023/12/02 v1.11 sin cos tan (DPC)
) (c:/texlive/2025/texmf-dist/tex/latex/graphics-cfg/graphics.cfg
File: graphics.cfg 2016/06/04 v1.11 sample graphics configuration
)
Package graphics Info: Driver file: pdftex.def on input line 106.
)
\Gin@req@height=\dimen178
\Gin@req@width=\dimen179
) (c:/texlive/2025/texmf-dist/tex/latex/caption/caption.sty
Package: caption 2023/08/05 v3.6o Customizing captions (AR)
 (c:/texlive/2025/texmf-dist/tex/latex/caption/caption3.sty
Package: caption3 2023/07/31 v2.4d caption3 kernel (AR)
\caption@tempdima=\dimen180
\captionmargin=\dimen181
\caption@leftmargin=\dimen182
\caption@rightmargin=\dimen183
\caption@width=\dimen184
\caption@indent=\dimen185
\caption@parindent=\dimen186
\caption@hangindent=\dimen187
Package caption Info: Standard document class detected.
)
\c@caption@flags=\count310
\c@continuedfloat=\count311
Package caption Info: longtable package is loaded.
 (c:/texlive/2025/texmf-dist/tex/latex/caption/ltcaption.sty
Package: ltcaption 2021/01/08 v1.4c longtable captions (AR)
)) (c:/texlive/2025/texmf-dist/tex/latex/float/float.sty
Package: float 2001/11/08 v1.3d Float enhancements (AL)
\c@float@type=\count312
\float@exts=\toks36
\float@box=\box64
\@float@everytoks=\toks37
\@floatcapt=\box65
)
\@float@every@codelisting=\toks38
\c@codelisting=\count313
 (c:/texlive/2025/texmf-dist/tex/latex/caption/subcaption.sty
Package: subcaption 2023/07/28 v1.6b Sub-captions (AR)
Package caption Info: New subtype `subfigure' on input line 238.
\c@subfigure=\count314
Package caption Info: New subtype `subtable' on input line 238.
\c@subtable=\count315
) (c:/texlive/2025/texmf-dist/tex/latex/natbib/natbib.sty
Package: natbib 2010/09/13 8.31b (PWD, AO)
\bibhang=\skip67
\bibsep=\skip68
LaTeX Info: Redefining \cite on input line 694.
\c@NAT@ctr=\count316
) (c:/texlive/2025/texmf-dist/tex/latex/bookmark/bookmark.sty
Package: bookmark 2023-12-10 v1.31 PDF bookmarks (HO)
 (c:/texlive/2025/texmf-dist/tex/latex/hyperref/hyperref.sty
Package: hyperref 2025-07-12 v7.01o Hypertext links for LaTeX
 (c:/texlive/2025/texmf-dist/tex/generic/kvdefinekeys/kvdefinekeys.sty
Package: kvdefinekeys 2019-12-19 v1.6 Define keys (HO)
) (c:/texlive/2025/texmf-dist/tex/generic/pdfescape/pdfescape.sty
Package: pdfescape 2019/12/09 v1.15 Implements pdfTeX's escape features (HO)
 (c:/texlive/2025/texmf-dist/tex/generic/pdftexcmds/pdftexcmds.sty
Package: pdftexcmds 2020-06-27 v0.33 Utility functions of pdfTeX for LuaTeX (HO)
 (c:/texlive/2025/texmf-dist/tex/generic/infwarerr/infwarerr.sty
Package: infwarerr 2019/12/03 v1.5 Providing info/warning/error messages (HO)
)
Package pdftexcmds Info: \pdf@primitive is available.
Package pdftexcmds Info: \pdf@ifprimitive is available.
Package pdftexcmds Info: \pdfdraftmode found.
)) (c:/texlive/2025/texmf-dist/tex/latex/hycolor/hycolor.sty
Package: hycolor 2020-01-27 v1.10 Color options for hyperref/bookmark (HO)
) (c:/texlive/2025/texmf-dist/tex/latex/hyperref/nameref.sty
Package: nameref 2025-06-21 v2.57 Cross-referencing by name of section
 (c:/texlive/2025/texmf-dist/tex/latex/refcount/refcount.sty
Package: refcount 2019/12/15 v3.6 Data extraction from label references (HO)
) (c:/texlive/2025/texmf-dist/tex/generic/gettitlestring/gettitlestring.sty
Package: gettitlestring 2019/12/15 v1.6 Cleanup title references (HO)
)
\c@section@level=\count317
) (c:/texlive/2025/texmf-dist/tex/generic/stringenc/stringenc.sty
Package: stringenc 2019/11/29 v1.12 Convert strings between diff. encodings (HO)
)
\@linkdim=\dimen188
\Hy@linkcounter=\count318
\Hy@pagecounter=\count319
 (c:/texlive/2025/texmf-dist/tex/latex/hyperref/pd1enc.def
File: pd1enc.def 2025-07-12 v7.01o Hyperref: PDFDocEncoding definition (HO)
Now handling font encoding PD1 ...
... no UTF-8 mapping file for font encoding PD1
) (c:/texlive/2025/texmf-dist/tex/generic/intcalc/intcalc.sty
Package: intcalc 2019/12/15 v1.3 Expandable calculations with integers (HO)
)
\Hy@SavedSpaceFactor=\count320
 (c:/texlive/2025/texmf-dist/tex/latex/hyperref/puenc.def
File: puenc.def 2025-07-12 v7.01o Hyperref: PDF Unicode definition (HO)
Now handling font encoding PU ...
... no UTF-8 mapping file for font encoding PU
)
Package hyperref Info: Option `unicode' set `true' on input line 4066.
Package hyperref Info: Hyper figures OFF on input line 4195.
Package hyperref Info: Link nesting OFF on input line 4200.
Package hyperref Info: Hyper index ON on input line 4203.
Package hyperref Info: Plain pages OFF on input line 4210.
Package hyperref Info: Backreferencing OFF on input line 4215.
Package hyperref Info: Implicit mode ON; LaTeX internals redefined.
Package hyperref Info: Bookmarks ON on input line 4462.
\c@Hy@tempcnt=\count321
 (c:/texlive/2025/texmf-dist/tex/latex/url/url.sty
\Urlmuskip=\muskip18
Package: url 2013/09/16  ver 3.4  Verb mode for urls, etc.
)
LaTeX Info: Redefining \url on input line 4801.
\XeTeXLinkMargin=\dimen189
 (c:/texlive/2025/texmf-dist/tex/generic/bitset/bitset.sty
Package: bitset 2019/12/09 v1.3 Handle bit-vector datatype (HO)
 (c:/texlive/2025/texmf-dist/tex/generic/bigintcalc/bigintcalc.sty
Package: bigintcalc 2019/12/15 v1.5 Expandable calculations on big integers (HO)
))
\Fld@menulength=\count322
\Field@Width=\dimen190
\Fld@charsize=\dimen191
Package hyperref Info: Hyper figures OFF on input line 6078.
Package hyperref Info: Link nesting OFF on input line 6083.
Package hyperref Info: Hyper index ON on input line 6086.
Package hyperref Info: backreferencing OFF on input line 6093.
Package hyperref Info: Link coloring OFF on input line 6098.
Package hyperref Info: Link coloring with OCG OFF on input line 6103.
Package hyperref Info: PDF/A mode OFF on input line 6108.
\Hy@abspage=\count323
\c@Item=\count324
\c@Hfootnote=\count325
)
Package hyperref Info: Driver (autodetected): hpdftex.
 (c:/texlive/2025/texmf-dist/tex/latex/hyperref/hpdftex.def
File: hpdftex.def 2025-07-12 v7.01o Hyperref driver for pdfTeX
\Fld@listcount=\count326
\c@bookmark@seq@number=\count327
 (c:/texlive/2025/texmf-dist/tex/latex/rerunfilecheck/rerunfilecheck.sty
Package: rerunfilecheck 2025-06-21 v1.11 Rerun checks for auxiliary files (HO)
 (c:/texlive/2025/texmf-dist/tex/generic/uniquecounter/uniquecounter.sty
Package: uniquecounter 2019/12/15 v1.4 Provide unlimited unique counter (HO)
)
Package uniquecounter Info: New unique counter `rerunfilecheck' on input line 284.
)
\Hy@SectionHShift=\skip69
) (c:/texlive/2025/texmf-dist/tex/latex/bookmark/bkm-pdftex.def
File: bkm-pdftex.def 2023-12-10 v1.31 bookmark driver for pdfTeX and luaTeX (HO)
\BKM@id=\count328
)) (c:/texlive/2025/texmf-dist/tex/latex/xurl/xurl.sty
Package: xurl 2022/01/09 v 0.10 modify URL breaks
)
Package hyperref Info: Option `colorlinks' set `true' on input line 161.
 (c:/texlive/2025/texmf-dist/tex/latex/tools/xr.sty
Package: xr 2024-12-22 v6.00 eXternal References (DPC)
)
Package xr Info: IMPORTING LABELS FROM manuscript.anonymous.aux on input line 208.
\c@thm=\count329
 (c:/texlive/2025/texmf-dist/tex/latex/enumitem/enumitem.sty
Package: enumitem 2025/02/06 v3.11 Customized lists
\labelindent=\skip70
\enit@outerparindent=\dimen192
\enit@toks=\toks39
\enit@inbox=\box66
\enit@count@id=\count330
\enitdp@description=\count331
)
LaTeX Font Info:    Trying to load font information for T1+lmr on input line 219.
 (c:/texlive/2025/texmf-dist/tex/latex/lm/t1lmr.fd
File: t1lmr.fd 2015/05/01 v1.6.1 Font defs for Latin Modern
) (c:/texlive/2025/texmf-dist/tex/latex/l3backend/l3backend-pdftex.def
File: l3backend-pdftex.def 2025-06-09 L3 backend support: PDF output (pdfTeX)
\l__color_backend_stack_int=\count332
) (./supplements.aux

LaTeX Warning: Label `supplementary-material' multiply defined.


LaTeX Warning: Label `app:exbenef' multiply defined.


LaTeX Warning: Label `tab:examples' multiply defined.


LaTeX Warning: Label `fig:boundbetamin' multiply defined.


LaTeX Warning: Label `fig:ratioorconvrate' multiply defined.


LaTeX Warning: Label `app:fdrpowersim' multiply defined.


LaTeX Warning: Label `fig:linregfdrpowmsesc13' multiply defined.


LaTeX Warning: Label `app:proofs' multiply defined.


LaTeX Warning: Label `suppsec:auxiliary' multiply defined.


LaTeX Warning: Label `fig:runtime' multiply defined.


LaTeX Warning: Label `lemma:3tailbounds' multiply defined.


LaTeX Warning: Label `lemma:s1s3' multiply defined.


LaTeX Warning: Label `lemma:s2' multiply defined.


LaTeX Warning: Label `lemma:s18' multiply defined.


LaTeX Warning: Label `eq:randomm' multiply defined.


LaTeX Warning: Label `eq:rpoig' multiply defined.


LaTeX Warning: Label `eq:random2' multiply defined.


LaTeX Warning: Label `lemma:s20' multiply defined.


LaTeX Warning: Label `eq:basebound' multiply defined.


LaTeX Warning: Label `eq:random24' multiply defined.


LaTeX Warning: Label `eq:random25' multiply defined.


LaTeX Warning: Label `lem:L0toL1convergencegen' multiply defined.


LaTeX Warning: Label `lemma:s7' multiply defined.


LaTeX Warning: Label `eq:muQM' multiply defined.


LaTeX Warning: Label `lem:boundrhogen' multiply defined.


LaTeX Warning: Label `lem:upperboundnoncentralgen' multiply defined.


LaTeX Warning: Label `eq:upperbounnnnnd' multiply defined.


LaTeX Warning: Label `eq:lowerbounnnnnd' multiply defined.


LaTeX Warning: Label `eq:poihe' multiply defined.


LaTeX Warning: Label `eq:DeltaM' multiply defined.


LaTeX Warning: Label `lem:boundexpnc' multiply defined.


LaTeX Warning: Label `eq:prooflemmas20nonspu' multiply defined.


LaTeX Warning: Label `eq:boundLQS' multiply defined.


LaTeX Warning: Label `eq:boundLQM' multiply defined.


LaTeX Warning: Label `suppsec:proofseclinreg' multiply defined.


LaTeX Warning: Label `eq:nonoverfittingcond' multiply defined.


LaTeX Warning: Label `eq:boundexp' multiply defined.


LaTeX Warning: Label `eq:ogbea' multiply defined.


LaTeX Warning: Label `eq:psif' multiply defined.


LaTeX Warning: Label `eq:psig' multiply defined.


LaTeX Warning: Label `eq:ooofjfj' multiply defined.


LaTeX Warning: Label `eq:ooofjfj2' multiply defined.


LaTeX Warning: Label `eq:fyv' multiply defined.


LaTeX Warning: Label `eq:uygfew' multiply defined.


LaTeX Warning: Label `eq:upperboudbinom' multiply defined.


LaTeX Warning: Label `eq:upperbound_sumprob' multiply defined.


LaTeX Warning: Label `eq:NPFENK' multiply defined.


LaTeX Warning: Label `eq:prodconstreg' multiply defined.


LaTeX Warning: Label `eq:fierg' multiply defined.


LaTeX Warning: Label `eq:fierg2' multiply defined.


LaTeX Warning: Label `eq:gpkr' multiply defined.


LaTeX Warning: Label `betamincond:minimalreg' multiply defined.


LaTeX Warning: Label `eq:ojdv' multiply defined.


LaTeX Warning: Label `eq:oabpx' multiply defined.


LaTeX Warning: Label `eq:afi' multiply defined.


LaTeX Warning: Label `eq:oig' multiply defined.


LaTeX Warning: Label `eq:nOAJH1' multiply defined.


LaTeX Warning: Label `eq:oSBV' multiply defined.


LaTeX Warning: Label `eq:upperboundrecov' multiply defined.


LaTeX Warning: Label `eq:pokvfb' multiply defined.


LaTeX Warning: Label `eq:pokvfc' multiply defined.


LaTeX Warning: Label `eq:upperboundrecov2' multiply defined.


LaTeX Warning: Label `eq:proofnecbetaminbislinreg' multiply defined.


LaTeX Warning: Label `eq:nonoverfittingcond2' multiply defined.


LaTeX Warning: Label `eq:onbfsa' multiply defined.


LaTeX Warning: Label `eq:ovrwS' multiply defined.


LaTeX Warning: Label `eq:truc' multiply defined.


LaTeX Warning: Label `eq:boundexp2' multiply defined.


LaTeX Warning: Label `eq:bngrws' multiply defined.


LaTeX Warning: Label `eq:psif2' multiply defined.


LaTeX Warning: Label `eq:psig2' multiply defined.


LaTeX Warning: Label `eq:ooofjfj3' multiply defined.


LaTeX Warning: Label `eq:ooofjfj4' multiply defined.


LaTeX Warning: Label `eq:fyv2' multiply defined.


LaTeX Warning: Label `eq:gepihw' multiply defined.


LaTeX Warning: Label `eq:defST' multiply defined.


LaTeX Warning: Label `eq:gepihw2' multiply defined.


LaTeX Warning: Label `eq:uygfew2' multiply defined.


LaTeX Warning: Label `eq:ogr' multiply defined.


LaTeX Warning: Label `suppsec:proofsempbayes' multiply defined.


LaTeX Warning: Label `eq:decompshat' multiply defined.


LaTeX Warning: Label `eq:wigr' multiply defined.


LaTeX Warning: Label `eq:uuuuu' multiply defined.


LaTeX Warning: Label `eq:uuuuu2' multiply defined.


LaTeX Warning: Label `eq:logderivative' multiply defined.


LaTeX Warning: Label `eq:partialmarglikelihood' multiply defined.


LaTeX Warning: Label `eq:partialprobmodel' multiply defined.


LaTeX Warning: Label `eq:partialmarglikelihood2' multiply defined.


LaTeX Warning: Label `eq:rewriteshat' multiply defined.


LaTeX Warning: Label `eq:decompstep2pen' multiply defined.


LaTeX Warning: Label `eq:decompstep2pen2' multiply defined.


LaTeX Warning: Label `eq:finallowerboundkappaj2' multiply defined.


LaTeX Warning: Label `eq:gammaka' multiply defined.


LaTeX Warning: Label `eq:oaebr3' multiply defined.


LaTeX Warning: Label `eq:oaebr4' multiply defined.


Package natbib Warning: Citation `birge' multiply defined.


Package natbib Warning: Citation `hartigan' multiply defined.


Package natbib Warning: Citation `rossell2022concentration' multiply defined.


LaTeX Warning: Label `eq:gewou' multiply defined.


LaTeX Warning: Label `eq:finalupperboundkappaj2' multiply defined.


LaTeX Warning: Label `fig:TLfdrpowmsesc123' multiply defined.

)
\openout1 = `supplements.aux'.

LaTeX Font Info:    Checking defaults for OML/cmm/m/it on input line 219.
LaTeX Font Info:    ... okay on input line 219.
LaTeX Font Info:    Checking defaults for OMS/cmsy/m/n on input line 219.
LaTeX Font Info:    ... okay on input line 219.
LaTeX Font Info:    Checking defaults for OT1/cmr/m/n on input line 219.
LaTeX Font Info:    ... okay on input line 219.
LaTeX Font Info:    Checking defaults for T1/cmr/m/n on input line 219.
LaTeX Font Info:    ... okay on input line 219.
LaTeX Font Info:    Checking defaults for TS1/cmr/m/n on input line 219.
LaTeX Font Info:    ... okay on input line 219.
LaTeX Font Info:    Checking defaults for OMX/cmex/m/n on input line 219.
LaTeX Font Info:    ... okay on input line 219.
LaTeX Font Info:    Checking defaults for U/cmr/m/n on input line 219.
LaTeX Font Info:    ... okay on input line 219.
LaTeX Font Info:    Checking defaults for PD1/pdf/m/n on input line 219.
LaTeX Font Info:    ... okay on input line 219.
LaTeX Font Info:    Checking defaults for PU/pdf/m/n on input line 219.
LaTeX Font Info:    ... okay on input line 219.
LaTeX Info: Redefining \microtypecontext on input line 219.
Package microtype Info: Applying patch `item' on input line 219.
Package microtype Info: Applying patch `toc' on input line 219.
Package microtype Info: Applying patch `eqnum' on input line 219.
Package microtype Info: Applying patch `footnote' on input line 219.
Package microtype Info: Applying patch `verbatim' on input line 219.
LaTeX Info: Redefining \microtypesetup on input line 219.
Package microtype Info: Generating PDF output.
Package microtype Info: Character protrusion enabled (level 2).
Package microtype Info: Using protrusion set `basicmath'.
Package microtype Info: Automatic font expansion enabled (level 2),
(microtype)             stretch: 20, shrink: 20, step: 1, non-selected.
Package microtype Info: Using default expansion set `alltext-nott'.
Package microtype Info: Patching command `\showhyphens'.
Package microtype Info: No adjustment of tracking.
Package microtype Info: No adjustment of interword spacing.
Package microtype Info: No adjustment of character kerning.
 (c:/texlive/2025/texmf-dist/tex/latex/microtype/mt-cmr.cfg
File: mt-cmr.cfg 2013/05/19 v2.2 microtype config. file: Computer Modern Roman (RS)
) (c:/texlive/2025/texmf-dist/tex/context/base/mkii/supp-pdf.mkii
[Loading MPS to PDF converter (version 2006.09.02).]
\scratchcounter=\count333
\scratchdimen=\dimen193
\scratchbox=\box67
\nofMPsegments=\count334
\nofMParguments=\count335
\everyMPshowfont=\toks40
\MPscratchCnt=\count336
\MPscratchDim=\dimen194
\MPnumerator=\count337
\makeMPintoPDFobject=\count338
\everyMPtoPDFconversion=\toks41
) (c:/texlive/2025/texmf-dist/tex/latex/epstopdf-pkg/epstopdf-base.sty
Package: epstopdf-base 2020-01-24 v2.11 Base part for package epstopdf
Package epstopdf-base Info: Redefining graphics rule for `.eps' on input line 485.
 (c:/texlive/2025/texmf-dist/tex/latex/latexconfig/epstopdf-sys.cfg
File: epstopdf-sys.cfg 2010/07/13 v1.3 Configuration of (r)epstopdf for TeX Live
))
Package caption Info: Begin \AtBeginDocument code.
Package caption Info: float package is loaded.
Package caption Info: hyperref package is loaded.
Package caption Info: End \AtBeginDocument code.
Package hyperref Info: Link coloring ON on input line 219.
LaTeX Font Info:    Trying to load font information for OT1+lmr on input line 245.
 (c:/texlive/2025/texmf-dist/tex/latex/lm/ot1lmr.fd
File: ot1lmr.fd 2015/05/01 v1.6.1 Font defs for Latin Modern
)
LaTeX Font Info:    Trying to load font information for OML+lmm on input line 245.
 (c:/texlive/2025/texmf-dist/tex/latex/lm/omllmm.fd
File: omllmm.fd 2015/05/01 v1.6.1 Font defs for Latin Modern
)
LaTeX Font Info:    Trying to load font information for OMS+lmsy on input line 245.
 (c:/texlive/2025/texmf-dist/tex/latex/lm/omslmsy.fd
File: omslmsy.fd 2015/05/01 v1.6.1 Font defs for Latin Modern
)
LaTeX Font Info:    Trying to load font information for OMX+lmex on input line 245.
 (c:/texlive/2025/texmf-dist/tex/latex/lm/omxlmex.fd
File: omxlmex.fd 2015/05/01 v1.6.1 Font defs for Latin Modern
)
LaTeX Font Info:    External font `lmex10' loaded for size
(Font)              <12> on input line 245.
LaTeX Font Info:    External font `lmex10' loaded for size
(Font)              <8> on input line 245.
LaTeX Font Info:    External font `lmex10' loaded for size
(Font)              <6> on input line 245.
LaTeX Font Info:    Trying to load font information for U+msa on input line 245.
 (c:/texlive/2025/texmf-dist/tex/latex/amsfonts/umsa.fd
File: umsa.fd 2013/01/14 v3.01 AMS symbols A
) (c:/texlive/2025/texmf-dist/tex/latex/microtype/mt-msa.cfg
File: mt-msa.cfg 2006/02/04 v1.1 microtype config. file: AMS symbols (a) (RS)
)
LaTeX Font Info:    Trying to load font information for U+msb on input line 245.
 (c:/texlive/2025/texmf-dist/tex/latex/amsfonts/umsb.fd
File: umsb.fd 2013/01/14 v3.01 AMS symbols B
) (c:/texlive/2025/texmf-dist/tex/latex/microtype/mt-msb.cfg
File: mt-msb.cfg 2005/06/01 v1.0 microtype config. file: AMS symbols (b) (RS)
)
LaTeX Font Info:    External font `lmex10' loaded for size
(Font)              <17.28> on input line 257.
LaTeX Font Info:    External font `lmex10' loaded for size
(Font)              <10> on input line 257.


Package hyperref Warning: Token not allowed in a PDF string (Unicode):
(hyperref)                removing `math shift' on input line 257.


Package hyperref Warning: Token not allowed in a PDF string (Unicode):
(hyperref)                removing `superscript' on input line 257.


Package hyperref Warning: Token not allowed in a PDF string (Unicode):
(hyperref)                removing `math shift' on input line 257.

<images/p.betamin.sc1.ex.pdf, id=8, 198.7425pt x 170.6375pt>
File: images/p.betamin.sc1.ex.pdf Graphic file (type pdf)
<use images/p.betamin.sc1.ex.pdf>
Package pdftex.def Info: images/p.betamin.sc1.ex.pdf  used on input line 282.
(pdftex.def)             Requested size: 198.74806pt x 170.64227pt.
<images/p.betamin.sc2.ex.pdf, id=9, 198.7425pt x 170.6375pt>
File: images/p.betamin.sc2.ex.pdf Graphic file (type pdf)
<use images/p.betamin.sc2.ex.pdf>
Package pdftex.def Info: images/p.betamin.sc2.ex.pdf  used on input line 282.
(pdftex.def)             Requested size: 198.74806pt x 170.64227pt.
<images/p.betamin.sc3.ex.pdf, id=10, 198.7425pt x 170.6375pt>
File: images/p.betamin.sc3.ex.pdf Graphic file (type pdf)
<use images/p.betamin.sc3.ex.pdf>
Package pdftex.def Info: images/p.betamin.sc3.ex.pdf  used on input line 284.
(pdftex.def)             Requested size: 198.74806pt x 170.64227pt.
<images/p.betamin.sc4.ex.pdf, id=11, 198.7425pt x 170.6375pt>
File: images/p.betamin.sc4.ex.pdf Graphic file (type pdf)
<use images/p.betamin.sc4.ex.pdf>
Package pdftex.def Info: images/p.betamin.sc4.ex.pdf  used on input line 284.
(pdftex.def)             Requested size: 198.74806pt x 170.64227pt.
<images/p.ratio.orconvrate.pdf, id=16, 397.485pt x 226.8475pt>
File: images/p.ratio.orconvrate.pdf Graphic file (type pdf)
<use images/p.ratio.orconvrate.pdf>
Package pdftex.def Info: images/p.ratio.orconvrate.pdf  used on input line 292.
(pdftex.def)             Requested size: 397.48402pt x 226.84694pt.


[1

{c:/texlive/2025/texmf-var/fonts/map/pdftex/updmap/pdftex.map}{c:/texlive/2025/texmf-dist/fonts/enc/dvips/lm/lm-ec.enc}{c:/texlive/2025/texmf-dist/fonts/enc/dvips/lm/lm-rm.enc}{c:/texlive/2025/texmf-dist/fonts/enc/dvips/lm/lm-mathit.enc}{c:/texlive/2025/texmf-dist/fonts/enc/dvips/lm/lm-mathsy.enc}{c:/texlive/2025/texmf-dist/fonts/enc/dvips/lm/lm-mathex.enc}]

[2 <./images/p.betamin.sc1.ex.pdf> <./images/p.betamin.sc2.ex.pdf> <./images/p.betamin.sc3.ex.pdf> <./images/p.betamin.sc4.ex.pdf>]
<images/p.FDR.ex1.pdf, id=83, 147.55125pt x 170.6375pt>
File: images/p.FDR.ex1.pdf Graphic file (type pdf)
<use images/p.FDR.ex1.pdf>
Package pdftex.def Info: images/p.FDR.ex1.pdf  used on input line 321.
(pdftex.def)             Requested size: 139.42088pt x 161.23505pt.
<images/p.power.ex1.pdf, id=84, 147.55125pt x 170.6375pt>
File: images/p.power.ex1.pdf Graphic file (type pdf)
<use images/p.power.ex1.pdf>
Package pdftex.def Info: images/p.power.ex1.pdf  used on input line 322.
(pdftex.def)             Requested size: 139.42088pt x 161.23505pt.
<images/p.est.mse.ex1.pdf, id=85, 147.55125pt x 170.6375pt>
File: images/p.est.mse.ex1.pdf Graphic file (type pdf)
<use images/p.est.mse.ex1.pdf>
Package pdftex.def Info: images/p.est.mse.ex1.pdf  used on input line 323.
(pdftex.def)             Requested size: 139.42088pt x 161.23505pt.
<images/p.FDR.ex4.pdf, id=86, 147.55125pt x 170.6375pt>
File: images/p.FDR.ex4.pdf Graphic file (type pdf)
<use images/p.FDR.ex4.pdf>
Package pdftex.def Info: images/p.FDR.ex4.pdf  used on input line 325.
(pdftex.def)             Requested size: 139.42088pt x 161.23505pt.
<images/p.power.ex4.pdf, id=87, 147.55125pt x 170.6375pt>
File: images/p.power.ex4.pdf Graphic file (type pdf)
<use images/p.power.ex4.pdf>
Package pdftex.def Info: images/p.power.ex4.pdf  used on input line 326.
(pdftex.def)             Requested size: 139.42088pt x 161.23505pt.
<images/p.est.mse.ex4.pdf, id=88, 147.55125pt x 170.6375pt>
File: images/p.est.mse.ex4.pdf Graphic file (type pdf)
<use images/p.est.mse.ex4.pdf>
Package pdftex.def Info: images/p.est.mse.ex4.pdf  used on input line 327.
(pdftex.def)             Requested size: 139.42088pt x 161.23505pt.
<images/p.time.ex1.pdf, id=97, 147.55125pt x 170.6375pt>
File: images/p.time.ex1.pdf Graphic file (type pdf)
<use images/p.time.ex1.pdf>
Package pdftex.def Info: images/p.time.ex1.pdf  used on input line 338.
(pdftex.def)             Requested size: 139.42088pt x 161.23505pt.
<images/p.time.ex3.pdf, id=98, 147.55125pt x 170.6375pt>
File: images/p.time.ex3.pdf Graphic file (type pdf)
<use images/p.time.ex3.pdf>
Package pdftex.def Info: images/p.time.ex3.pdf  used on input line 339.
(pdftex.def)             Requested size: 139.42088pt x 161.23505pt.
<images/p.time.ex4.pdf, id=99, 147.55125pt x 170.6375pt>
File: images/p.time.ex4.pdf Graphic file (type pdf)
<use images/p.time.ex4.pdf>
Package pdftex.def Info: images/p.time.ex4.pdf  used on input line 340.
(pdftex.def)             Requested size: 139.42088pt x 161.23505pt.
<images/p.TL.FDR.ex1.pdf, id=105, 147.55125pt x 170.6375pt>
File: images/p.TL.FDR.ex1.pdf Graphic file (type pdf)
<use images/p.TL.FDR.ex1.pdf>
Package pdftex.def Info: images/p.TL.FDR.ex1.pdf  used on input line 351.
(pdftex.def)             Requested size: 139.42088pt x 161.23505pt.
<images/p.TL.power.ex1.pdf, id=106, 147.55125pt x 170.6375pt>
File: images/p.TL.power.ex1.pdf Graphic file (type pdf)
<use images/p.TL.power.ex1.pdf>
Package pdftex.def Info: images/p.TL.power.ex1.pdf  used on input line 352.
(pdftex.def)             Requested size: 139.42088pt x 161.23505pt.
<images/p.TL.est.mse.ex1.pdf, id=107, 147.55125pt x 170.6375pt>
File: images/p.TL.est.mse.ex1.pdf Graphic file (type pdf)
<use images/p.TL.est.mse.ex1.pdf>
Package pdftex.def Info: images/p.TL.est.mse.ex1.pdf  used on input line 353.
(pdftex.def)             Requested size: 139.42088pt x 161.23505pt.
<images/p.TL.FDR.ex3.pdf, id=108, 147.55125pt x 170.6375pt>
File: images/p.TL.FDR.ex3.pdf Graphic file (type pdf)
<use images/p.TL.FDR.ex3.pdf>
Package pdftex.def Info: images/p.TL.FDR.ex3.pdf  used on input line 355.
(pdftex.def)             Requested size: 139.42088pt x 161.23505pt.
<images/p.TL.power.ex3.pdf, id=109, 147.55125pt x 170.6375pt>
File: images/p.TL.power.ex3.pdf Graphic file (type pdf)
<use images/p.TL.power.ex3.pdf>
Package pdftex.def Info: images/p.TL.power.ex3.pdf  used on input line 356.
(pdftex.def)             Requested size: 139.42088pt x 161.23505pt.
<images/p.TL.est.mse.ex3.pdf, id=110, 147.55125pt x 170.6375pt>
File: images/p.TL.est.mse.ex3.pdf Graphic file (type pdf)
<use images/p.TL.est.mse.ex3.pdf>
Package pdftex.def Info: images/p.TL.est.mse.ex3.pdf  used on input line 357.
(pdftex.def)             Requested size: 139.42088pt x 161.23505pt.
<images/p.TL.FDR.ex5.pdf, id=111, 147.55125pt x 170.6375pt>
File: images/p.TL.FDR.ex5.pdf Graphic file (type pdf)
<use images/p.TL.FDR.ex5.pdf>
Package pdftex.def Info: images/p.TL.FDR.ex5.pdf  used on input line 359.
(pdftex.def)             Requested size: 139.42088pt x 161.23505pt.
<images/p.TL.power.ex5.pdf, id=112, 147.55125pt x 170.6375pt>
File: images/p.TL.power.ex5.pdf Graphic file (type pdf)
<use images/p.TL.power.ex5.pdf>
Package pdftex.def Info: images/p.TL.power.ex5.pdf  used on input line 360.
(pdftex.def)             Requested size: 139.42088pt x 161.23505pt.
<images/p.TL.est.mse.ex5.pdf, id=113, 147.55125pt x 170.6375pt>
File: images/p.TL.est.mse.ex5.pdf Graphic file (type pdf)
<use images/p.TL.est.mse.ex5.pdf>
Package pdftex.def Info: images/p.TL.est.mse.ex5.pdf  used on input line 361.
(pdftex.def)             Requested size: 139.42088pt x 161.23505pt.


[3 <./images/p.ratio.orconvrate.pdf>]

LaTeX Font Warning: Font shape `T1/lmr/bx/sc' undefined
(Font)              using `T1/lmr/bx/n' instead on input line 380.



[4 <./images/p.FDR.ex1.pdf> <./images/p.power.ex1.pdf> <./images/p.est.mse.ex1.pdf> <./images/p.FDR.ex4.pdf> <./images/p.power.ex4.pdf> <./images/p.est.mse.ex4.pdf>]

[5 <./images/p.time.ex1.pdf> <./images/p.time.ex3.pdf> <./images/p.time.ex4.pdf>]
Overfull \hbox (7.40273pt too wide) detected at line 435
[] \OMS/lmsy/m/n/12 ^^T [] [] [] ^^T []\OML/lmm/m/it/12 :
 []


Underfull \hbox (badness 1178) in paragraph at lines 435--437
\T1/lmr/m/n/12 (+20) By as-sump-tion $\OML/lmm/m/it/12 ^^Q \OT1/lmr/m/n/12 (+20) = \OML/lmm/m/it/12 o []$ \T1/lmr/m/n/12 (+20) and $\OML/lmm/m/it/12 ^^V \OT1/lmr/m/n/12 (+20) = \OML/lmm/m/it/12 o []$\T1/lmr/m/n/12 (+20) , then for any $\OML/lmm/m/it/12 u \OMS/lmsy/m/n/12 2 \OT1/lmr/m/n/12 (+20) ([]\OML/lmm/m/it/12 ; []\OT1/lmr/m/n/12 (+20) )$\T1/lmr/m/n/12 (+20) ,
 []



[6]

[7]

[8]

[9]

[10]

[11]
LaTeX Font Info:    Trying to load font information for U+euf on input line 666.
 (c:/texlive/2025/texmf-dist/tex/latex/amsfonts/ueuf.fd
File: ueuf.fd 2013/01/14 v3.01 Euler Fraktur
) (c:/texlive/2025/texmf-dist/tex/latex/microtype/mt-euf.cfg
File: mt-euf.cfg 2006/07/03 v1.1 microtype config. file: AMS Euler Fraktur (RS)
)

[12]

[13]

[14]
Overfull \hbox (10.43172pt too wide) detected at line 751
[]
 []



[15]
Overfull \hbox (23.72401pt too wide) in paragraph at lines 793--795
\T1/lmr/m/n/12 (-20) where all the terms in $\OMS/lmsy/m/n/12 R$ \T1/lmr/m/n/12 (-20) are prod-uct of two or more of the sums $\OML/lmm/m/it/12 S\OT1/lmr/m/n/12 (-20) (\OML/lmm/m/it/12 u[]\OT1/lmr/m/n/12 (-20) )\OML/lmm/m/it/12 ; [] ; S\OT1/lmr/m/n/12 (-20) (\OML/lmm/m/it/12 u[]\OT1/lmr/m/n/12 (-20) )\OML/lmm/m/it/12 ; S\OT1/lmr/m/n/12 (-20) (\OML/lmm/m/it/12 w[]\OT1/lmr/m/n/12 (-20) )\OML/lmm/m/it/12 ; [] ; S\OT1/lmr/m/n/12 (-20) (\OML/lmm/m/it/12 w[]\OT1/lmr/m/n/12 (-20) )$\T1/lmr/m/n/12 (-20) .
 []



[16]

[17]
Overfull \hbox (2.9234pt too wide) in paragraph at lines 858--860
\T1/lmr/m/n/12 (-20) Consistent re-cov-ery of $\OML/lmm/m/it/12 S$ \T1/lmr/m/n/12 (-20) im-plies that for any sub-set of mod-els $\OMS/lmsy/m/n/12 N$\T1/lmr/m/n/12 (-20) , $[][] \OML/lmm/m/it/12 NC\OT1/lmr/m/n/12 (-20) (\OML/lmm/m/it/12 M\OT1/lmr/m/n/12 (-20) )\OML/lmm/m/it/12 =NC\OT1/lmr/m/n/12 (-20) (\OML/lmm/m/it/12 S\OT1/lmr/m/n/12 (-20) ) \OML/lmm/m/it/12 <
 []



[18]

[19]

[20]

[21]

[22]

[23]

[24]

[25]

[26]

[27]

[28]
Underfull \hbox (badness 3449) in paragraph at lines 1218--1222
\T1/lmr/m/n/12 (+20) from the def-i-ni-tion of $\OMS/lmsy/m/n/12 T\OT1/lmr/m/n/12 (+20) ([])$ \T1/lmr/m/n/12 (+20) in []) and there-fore $[][] \OML/lmm/m/it/12 NC[]\OT1/lmr/m/n/12 (+20) (\OML/lmm/m/it/12 M\OT1/lmr/m/n/12 (+20) ) \OMS/lmsy/m/n/12 ^^T
 []


Underfull \hbox (badness 1062) in paragraph at lines 1218--1222
[][] \OML/lmm/m/it/12 NC[]\OT1/lmr/m/n/12 (+20) (\OML/lmm/m/it/12 M\OT1/lmr/m/n/12 (+20) )$\T1/lmr/m/n/12 (+20) . More-over, $\OML/lmm/m/it/12 ^^T[]$ \T1/lmr/m/n/12 (+20) sat-is-fies As-sump-tion [][]A1[][], As-sump-tion [][]A3[][] is
 []



[29]

[30] (./supplements.bbl)

Package natbib Warning: There were multiply defined citations.



[31]

[32 <./images/p.TL.FDR.ex1.pdf> <./images/p.TL.power.ex1.pdf> <./images/p.TL.est.mse.ex1.pdf> <./images/p.TL.FDR.ex3.pdf> <./images/p.TL.power.ex3.pdf> <./images/p.TL.est.mse.ex3.pdf> <./images/p.TL.FDR.ex5.pdf> <./images/p.TL.power.ex5.pdf> <./images/p.TL.est.mse.ex5.pdf>] (./supplements.aux)
 ***********
LaTeX2e <2025-06-01> patch level 1
L3 programming layer <2025-09-02>
 ***********


LaTeX Font Warning: Some font shapes were not available, defaults substituted.


LaTeX Warning: There were multiply-defined labels.

 ) 
Here is how much of TeX's memory you used:
 16967 strings out of 467748
 271174 string characters out of 5431137
 767713 words of memory out of 5000000
 45019 multiletter control sequences out of 15000+600000
 714275 words of font info for 210 fonts, out of 8000000 for 9000
 1141 hyphenation exceptions out of 8191
 83i,15n,93p,1325b,617s stack positions out of 10000i,1000n,20000p,200000b,200000s

pdfTeX warning (dest): name{lab:A5} has been referenced but does not exist, replaced by a fixed one


pdfTeX warning (dest): name{lab:A4} has been referenced but does not exist, replaced by a fixed one


pdfTeX warning (dest): name{lab:A3} has been referenced but does not exist, replaced by a fixed one


pdfTeX warning (dest): name{lab:A2} has been referenced but does not exist, replaced by a fixed one


pdfTeX warning (dest): name{lab:A1} has been referenced but does not exist, replaced by a fixed one

<c:/texlive/2025/texmf-dist/fonts/type1/public/amsfonts/euler/eufm10.pfb><c:/texlive/2025/texmf-dist/fonts/type1/public/lm/lmbx12.pfb><c:/texlive/2025/texmf-dist/fonts/type1/public/lm/lmbx6.pfb><c:/texlive/2025/texmf-dist/fonts/type1/public/lm/lmbx8.pfb><c:/texlive/2025/texmf-dist/fonts/type1/public/lm/lmex10.pfb><c:/texlive/2025/texmf-dist/fonts/type1/public/lm/lmmi12.pfb><c:/texlive/2025/texmf-dist/fonts/type1/public/lm/lmmi6.pfb><c:/texlive/2025/texmf-dist/fonts/type1/public/lm/lmmi8.pfb><c:/texlive/2025/texmf-dist/fonts/type1/public/lm/lmmib10.pfb><c:/texlive/2025/texmf-dist/fonts/type1/public/lm/lmr12.pfb><c:/texlive/2025/texmf-dist/fonts/type1/public/lm/lmr17.pfb><c:/texlive/2025/texmf-dist/fonts/type1/public/lm/lmr6.pfb><c:/texlive/2025/texmf-dist/fonts/type1/public/lm/lmr8.pfb><c:/texlive/2025/texmf-dist/fonts/type1/public/lm/lmri12.pfb><c:/texlive/2025/texmf-dist/fonts/type1/public/lm/lmsy10.pfb><c:/texlive/2025/texmf-dist/fonts/type1/public/lm/lmsy6.pfb><c:/texlive/2025/texmf-dist/fonts/type1/public/lm/lmsy8.pfb><c:/texlive/2025/texmf-dist/fonts/type1/public/amsfonts/symbols/msbm10.pfb>
Output written on supplements.pdf (32 pages, 597767 bytes).
PDF statistics:
 893 PDF objects out of 1000 (max. 8388607)
 758 compressed objects within 8 object streams
 154 named destinations out of 1000 (max. 500000)
 43276 words of extra memory for PDF output out of 51595 (max. 10000000)

