This is pdfTeX, Version 3.141592653-2.6-1.40.25 (MiKTeX 24.1) (preloaded format=pdflatex 2024.3.4)  2 NOV 2025 00:20
entering extended mode
 restricted \write18 enabled.
 file:line:error style messages enabled.
 %&-line parsing enabled.
**c:/Users/Usuario/Documents/GitHub/varsel.extdata/WIP/paper/paper.tex
(c:/Users/Usuario/Documents/GitHub/varsel.extdata/WIP/paper/paper.tex
LaTeX2e <2023-11-01> patch level 1
L3 programming layer <2024-02-20>
(C:\Users\Usuario\AppData\Local\Programs\MiKTeX\tex/latex/base\article.cls
Document Class: article 2023/05/17 v1.4n Standard LaTeX document class
(C:\Users\Usuario\AppData\Local\Programs\MiKTeX\tex/latex/base\size12.clo
File: size12.clo 2023/05/17 v1.4n Standard LaTeX file (size option)
)
\c@part=\count188
\c@section=\count189
\c@subsection=\count190
\c@subsubsection=\count191
\c@paragraph=\count192
\c@subparagraph=\count193
\c@figure=\count194
\c@table=\count195
\abovecaptionskip=\skip48
\belowcaptionskip=\skip49
\bibindent=\dimen140
) (C:\Users\Usuario\AppData\Local\Programs\MiKTeX\tex/latex/amsmath\amsmath.sty
Package: amsmath 2023/05/13 v2.17o AMS math features
\@mathmargin=\skip50

For additional information on amsmath, use the `?' option.
(C:\Users\Usuario\AppData\Local\Programs\MiKTeX\tex/latex/amsmath\amstext.sty
Package: amstext 2021/08/26 v2.01 AMS text
 (C:\Users\Usuario\AppData\Local\Programs\MiKTeX\tex/latex/amsmath\amsgen.sty
File: amsgen.sty 1999/11/30 v2.0 generic functions
\@emptytoks=\toks17
\ex@=\dimen141
)) (C:\Users\Usuario\AppData\Local\Programs\MiKTeX\tex/latex/amsmath\amsbsy.sty
Package: amsbsy 1999/11/29 v1.2d Bold Symbols
\pmbraise@=\dimen142
) (C:\Users\Usuario\AppData\Local\Programs\MiKTeX\tex/latex/amsmath\amsopn.sty
Package: amsopn 2022/04/08 v2.04 operator names
)
\inf@bad=\count196
LaTeX Info: Redefining \frac on input line 234.
\uproot@=\count197
\leftroot@=\count198
LaTeX Info: Redefining \overline on input line 399.
LaTeX Info: Redefining \colon on input line 410.
\classnum@=\count199
\DOTSCASE@=\count266
LaTeX Info: Redefining \ldots on input line 496.
LaTeX Info: Redefining \dots on input line 499.
LaTeX Info: Redefining \cdots on input line 620.
\Mathstrutbox@=\box51
\strutbox@=\box52
LaTeX Info: Redefining \big on input line 722.
LaTeX Info: Redefining \Big on input line 723.
LaTeX Info: Redefining \bigg on input line 724.
LaTeX Info: Redefining \Bigg on input line 725.
\big@size=\dimen143
LaTeX Font Info:    Redeclaring font encoding OML on input line 743.
LaTeX Font Info:    Redeclaring font encoding OMS on input line 744.
\macc@depth=\count267
LaTeX Info: Redefining \bmod on input line 905.
LaTeX Info: Redefining \pmod on input line 910.
LaTeX Info: Redefining \smash on input line 940.
LaTeX Info: Redefining \relbar on input line 970.
LaTeX Info: Redefining \Relbar on input line 971.
\c@MaxMatrixCols=\count268
\dotsspace@=\muskip16
\c@parentequation=\count269
\dspbrk@lvl=\count270
\tag@help=\toks18
\row@=\count271
\column@=\count272
\maxfields@=\count273
\andhelp@=\toks19
\eqnshift@=\dimen144
\alignsep@=\dimen145
\tagshift@=\dimen146
\tagwidth@=\dimen147
\totwidth@=\dimen148
\lineht@=\dimen149
\@envbody=\toks20
\multlinegap=\skip51
\multlinetaggap=\skip52
\mathdisplay@stack=\toks21
LaTeX Info: Redefining \[ on input line 2953.
LaTeX Info: Redefining \] on input line 2954.
) (C:\Users\Usuario\AppData\Local\Programs\MiKTeX\tex/latex/amsfonts\amssymb.sty
Package: amssymb 2013/01/14 v3.01 AMS font symbols
 (C:\Users\Usuario\AppData\Local\Programs\MiKTeX\tex/latex/amsfonts\amsfonts.sty
Package: amsfonts 2013/01/14 v3.01 Basic AMSFonts support
\symAMSa=\mathgroup4
\symAMSb=\mathgroup5
LaTeX Font Info:    Redeclaring math symbol \hbar on input line 98.
LaTeX Font Info:    Overwriting math alphabet `\mathfrak' in version `bold'
(Font)                  U/euf/m/n --> U/euf/b/n on input line 106.
)) (C:\Users\Usuario\AppData\Local\Programs\MiKTeX\tex/latex/amscls\amsthm.sty
Package: amsthm 2020/05/29 v2.20.6
\thm@style=\toks22
\thm@bodyfont=\toks23
\thm@headfont=\toks24
\thm@notefont=\toks25
\thm@headpunct=\toks26
\thm@preskip=\skip53
\thm@postskip=\skip54
\thm@headsep=\skip55
\dth@everypar=\toks27
) (C:\Users\Usuario\AppData\Local\Programs\MiKTeX\tex/generic/iftex\iftex.sty
Package: iftex 2022/02/03 v1.0f TeX engine tests
) (C:\Users\Usuario\AppData\Local\Programs\MiKTeX\tex/latex/base\fontenc.sty
Package: fontenc 2021/04/29 v2.0v Standard LaTeX package
) (C:\Users\Usuario\AppData\Local\Programs\MiKTeX\tex/latex/base\inputenc.sty
Package: inputenc 2021/02/14 v1.3d Input encoding file
\inpenc@prehook=\toks28
\inpenc@posthook=\toks29
) (C:\Users\Usuario\AppData\Local\Programs\MiKTeX\tex/latex/base\textcomp.sty
Package: textcomp 2020/02/02 v2.0n Standard LaTeX package
) (C:\Users\Usuario\AppData\Local\Programs\MiKTeX\tex/latex/lm\lmodern.sty
Package: lmodern 2015/05/01 v1.6.1 Latin Modern Fonts
LaTeX Font Info:    Overwriting symbol font `operators' in version `normal'
(Font)                  OT1/cmr/m/n --> OT1/lmr/m/n on input line 22.
LaTeX Font Info:    Overwriting symbol font `letters' in version `normal'
(Font)                  OML/cmm/m/it --> OML/lmm/m/it on input line 23.
LaTeX Font Info:    Overwriting symbol font `symbols' in version `normal'
(Font)                  OMS/cmsy/m/n --> OMS/lmsy/m/n on input line 24.
LaTeX Font Info:    Overwriting symbol font `largesymbols' in version `normal'
(Font)                  OMX/cmex/m/n --> OMX/lmex/m/n on input line 25.
LaTeX Font Info:    Overwriting symbol font `operators' in version `bold'
(Font)                  OT1/cmr/bx/n --> OT1/lmr/bx/n on input line 26.
LaTeX Font Info:    Overwriting symbol font `letters' in version `bold'
(Font)                  OML/cmm/b/it --> OML/lmm/b/it on input line 27.
LaTeX Font Info:    Overwriting symbol font `symbols' in version `bold'
(Font)                  OMS/cmsy/b/n --> OMS/lmsy/b/n on input line 28.
LaTeX Font Info:    Overwriting symbol font `largesymbols' in version `bold'
(Font)                  OMX/cmex/m/n --> OMX/lmex/m/n on input line 29.
LaTeX Font Info:    Overwriting math alphabet `\mathbf' in version `normal'
(Font)                  OT1/cmr/bx/n --> OT1/lmr/bx/n on input line 31.
LaTeX Font Info:    Overwriting math alphabet `\mathsf' in version `normal'
(Font)                  OT1/cmss/m/n --> OT1/lmss/m/n on input line 32.
LaTeX Font Info:    Overwriting math alphabet `\mathit' in version `normal'
(Font)                  OT1/cmr/m/it --> OT1/lmr/m/it on input line 33.
LaTeX Font Info:    Overwriting math alphabet `\mathtt' in version `normal'
(Font)                  OT1/cmtt/m/n --> OT1/lmtt/m/n on input line 34.
LaTeX Font Info:    Overwriting math alphabet `\mathbf' in version `bold'
(Font)                  OT1/cmr/bx/n --> OT1/lmr/bx/n on input line 35.
LaTeX Font Info:    Overwriting math alphabet `\mathsf' in version `bold'
(Font)                  OT1/cmss/bx/n --> OT1/lmss/bx/n on input line 36.
LaTeX Font Info:    Overwriting math alphabet `\mathit' in version `bold'
(Font)                  OT1/cmr/bx/it --> OT1/lmr/bx/it on input line 37.
LaTeX Font Info:    Overwriting math alphabet `\mathtt' in version `bold'
(Font)                  OT1/cmtt/m/n --> OT1/lmtt/m/n on input line 38.
) (C:\Users\Usuario\AppData\Local\Programs\MiKTeX\tex/latex/upquote\upquote.sty
Package: upquote 2012/04/19 v1.3 upright-quote and grave-accent glyphs in verbatim
) (C:\Users\Usuario\AppData\Local\Programs\MiKTeX\tex/latex/microtype\microtype.sty
Package: microtype 2025/07/09 v3.2b Micro-typographical refinements (RS)
 (C:\Users\Usuario\AppData\Local\Programs\MiKTeX\tex/latex/graphics\keyval.sty
Package: keyval 2022/05/29 v1.15 key=value parser (DPC)
\KV@toks@=\toks30
) (C:\Users\Usuario\AppData\Local\Programs\MiKTeX\tex/latex/etoolbox\etoolbox.sty
Package: etoolbox 2020/10/05 v2.5k e-TeX tools for LaTeX (JAW)
\etb@tempcnta=\count274
)
\MT@toks=\toks31
\MT@tempbox=\box53
\MT@count=\count275
LaTeX Info: Redefining \noprotrusionifhmode on input line 1087.
LaTeX Info: Redefining \leftprotrusion on input line 1088.
\MT@prot@toks=\toks32
LaTeX Info: Redefining \rightprotrusion on input line 1107.
LaTeX Info: Redefining \textls on input line 1449.
\MT@outer@kern=\dimen150
LaTeX Info: Redefining \microtypecontext on input line 2053.
LaTeX Info: Redefining \textmicrotypecontext on input line 2070.
\MT@listname@count=\count276
 (C:\Users\Usuario\AppData\Local\Programs\MiKTeX\tex/latex/microtype\microtype-pdftex.def
File: microtype-pdftex.def 2025/07/09 v3.2b Definitions specific to pdftex (RS)
LaTeX Info: Redefining \lsstyle on input line 944.
LaTeX Info: Redefining \lslig on input line 944.
\MT@outer@space=\skip56
)
Package microtype Info: Loading configuration file microtype.cfg.
 (C:\Users\Usuario\AppData\Local\Programs\MiKTeX\tex/latex/microtype\microtype.cfg
File: microtype.cfg 2025/07/09 v3.2b microtype main configuration file (RS)
)
LaTeX Info: Redefining \microtypesetup on input line 3065.
) (C:\Users\Usuario\AppData\Local\Programs\MiKTeX\tex/latex/parskip\parskip.sty
Package: parskip 2021-03-14 v2.0h non-zero parskip adjustments
 (C:\Users\Usuario\AppData\Local\Programs\MiKTeX\tex/latex/kvoptions\kvoptions.sty
Package: kvoptions 2022-06-15 v3.15 Key value format for package options (HO)
 (C:\Users\Usuario\AppData\Local\Programs\MiKTeX\tex/generic/ltxcmds\ltxcmds.sty
Package: ltxcmds 2023-12-04 v1.26 LaTeX kernel commands for general use (HO)
) (C:\Users\Usuario\AppData\Local\Programs\MiKTeX\tex/latex/kvsetkeys\kvsetkeys.sty
Package: kvsetkeys 2022-10-05 v1.19 Key value parser (HO)
))) (C:\Users\Usuario\AppData\Local\Programs\MiKTeX\tex/latex/xcolor\xcolor.sty
Package: xcolor 2023/11/15 v3.01 LaTeX color extensions (UK)
 (C:\Users\Usuario\AppData\Local\Programs\MiKTeX\tex/latex/graphics-cfg\color.cfg
File: color.cfg 2016/01/02 v1.6 sample color configuration
)
Package xcolor Info: Driver file: pdftex.def on input line 274.
 (C:\Users\Usuario\AppData\Local\Programs\MiKTeX\tex/latex/graphics-def\pdftex.def
File: pdftex.def 2022/09/22 v1.2b Graphics/color driver for pdftex
) (C:\Users\Usuario\AppData\Local\Programs\MiKTeX\tex/latex/graphics\mathcolor.ltx)
Package xcolor Info: Model `cmy' substituted by `cmy0' on input line 1350.
Package xcolor Info: Model `hsb' substituted by `rgb' on input line 1354.
Package xcolor Info: Model `RGB' extended on input line 1366.
Package xcolor Info: Model `HTML' substituted by `rgb' on input line 1368.
Package xcolor Info: Model `Hsb' substituted by `hsb' on input line 1369.
Package xcolor Info: Model `tHsb' substituted by `hsb' on input line 1370.
Package xcolor Info: Model `HSB' substituted by `hsb' on input line 1371.
Package xcolor Info: Model `Gray' substituted by `gray' on input line 1372.
Package xcolor Info: Model `wave' substituted by `hsb' on input line 1373.
) (C:\Users\Usuario\AppData\Local\Programs\MiKTeX\tex/latex/graphics\dvipsnam.def
File: dvipsnam.def 2016/06/17 v3.0m Driver-dependent file (DPC,SPQR)
) (C:\Users\Usuario\AppData\Local\Programs\MiKTeX\tex/latex/xcolor\svgnam.def
File: svgnam.def 2023/11/15 v3.01 Predefined colors according to SVG 1.1 (UK)
) (C:\Users\Usuario\AppData\Local\Programs\MiKTeX\tex/latex/xcolor\x11nam.def
File: x11nam.def 2023/11/15 v3.01 Predefined colors according to Unix/X11 (UK)
) (C:\Users\Usuario\AppData\Local\Programs\MiKTeX\tex/latex/tools\longtable.sty
Package: longtable 2023-11-01 v4.19 Multi-page Table package (DPC)
\LTleft=\skip57
\LTright=\skip58
\LTpre=\skip59
\LTpost=\skip60
\LTchunksize=\count277
\LTcapwidth=\dimen151
\LT@head=\box54
\LT@firsthead=\box55
\LT@foot=\box56
\LT@lastfoot=\box57
\LT@gbox=\box58
\LT@cols=\count278
\LT@rows=\count279
\c@LT@tables=\count280
\c@LT@chunks=\count281
\LT@p@ftn=\toks33
) (C:\Users\Usuario\AppData\Local\Programs\MiKTeX\tex/latex/booktabs\booktabs.sty
Package: booktabs 2020/01/12 v1.61803398 Publication quality tables
\heavyrulewidth=\dimen152
\lightrulewidth=\dimen153
\cmidrulewidth=\dimen154
\belowrulesep=\dimen155
\belowbottomsep=\dimen156
\aboverulesep=\dimen157
\abovetopsep=\dimen158
\cmidrulesep=\dimen159
\cmidrulekern=\dimen160
\defaultaddspace=\dimen161
\@cmidla=\count282
\@cmidlb=\count283
\@aboverulesep=\dimen162
\@belowrulesep=\dimen163
\@thisruleclass=\count284
\@lastruleclass=\count285
\@thisrulewidth=\dimen164
) (C:\Users\Usuario\AppData\Local\Programs\MiKTeX\tex/latex/tools\array.sty
Package: array 2023/10/16 v2.5g Tabular extension package (FMi)
\col@sep=\dimen165
\ar@mcellbox=\box59
\extrarowheight=\dimen166
\NC@list=\toks34
\extratabsurround=\skip61
\backup@length=\skip62
\ar@cellbox=\box60
) (C:\Users\Usuario\AppData\Local\Programs\MiKTeX\tex/latex/tools\calc.sty
Package: calc 2023/07/08 v4.3 Infix arithmetic (KKT,FJ)
\calc@Acount=\count286
\calc@Bcount=\count287
\calc@Adimen=\dimen167
\calc@Bdimen=\dimen168
\calc@Askip=\skip63
\calc@Bskip=\skip64
LaTeX Info: Redefining \setlength on input line 80.
LaTeX Info: Redefining \addtolength on input line 81.
\calc@Ccount=\count288
\calc@Cskip=\skip65
) (C:\Users\Usuario\AppData\Local\Programs\MiKTeX\tex/latex/footnotehyper\footnotehyper.sty
Package: footnotehyper 2021/08/13 v1.1e hyperref aware footnote.sty (JFB)
\FNH@notes=\box61
\FNH@width=\dimen169
\FNH@toks=\toks35
) (C:\Users\Usuario\AppData\Local\Programs\MiKTeX\tex/latex/graphics\graphicx.sty
Package: graphicx 2021/09/16 v1.2d Enhanced LaTeX Graphics (DPC,SPQR)
 (C:\Users\Usuario\AppData\Local\Programs\MiKTeX\tex/latex/graphics\graphics.sty
Package: graphics 2022/03/10 v1.4e Standard LaTeX Graphics (DPC,SPQR)
 (C:\Users\Usuario\AppData\Local\Programs\MiKTeX\tex/latex/graphics\trig.sty
Package: trig 2021/08/11 v1.11 sin cos tan (DPC)
) (C:\Users\Usuario\AppData\Local\Programs\MiKTeX\tex/latex/graphics-cfg\graphics.cfg
File: graphics.cfg 2016/06/04 v1.11 sample graphics configuration
)
Package graphics Info: Driver file: pdftex.def on input line 107.
)
\Gin@req@height=\dimen170
\Gin@req@width=\dimen171
) (C:\Users\Usuario\AppData\Local\Programs\MiKTeX\tex/latex/caption\caption.sty
Package: caption 2023/08/05 v3.6o Customizing captions (AR)
 (C:\Users\Usuario\AppData\Local\Programs\MiKTeX\tex/latex/caption\caption3.sty
Package: caption3 2023/07/31 v2.4d caption3 kernel (AR)
\caption@tempdima=\dimen172
\captionmargin=\dimen173
\caption@leftmargin=\dimen174
\caption@rightmargin=\dimen175
\caption@width=\dimen176
\caption@indent=\dimen177
\caption@parindent=\dimen178
\caption@hangindent=\dimen179
Package caption Info: Standard document class detected.
)
\c@caption@flags=\count289
\c@continuedfloat=\count290
Package caption Info: longtable package is loaded.
 (C:\Users\Usuario\AppData\Local\Programs\MiKTeX\tex/latex/caption\ltcaption.sty
Package: ltcaption 2021/01/08 v1.4c longtable captions (AR)
)) (C:\Users\Usuario\AppData\Local\Programs\MiKTeX\tex/latex/float\float.sty
Package: float 2001/11/08 v1.3d Float enhancements (AL)
\c@float@type=\count291
\float@exts=\toks36
\float@box=\box62
\@float@everytoks=\toks37
\@floatcapt=\box63
)
\@float@every@codelisting=\toks38
\c@codelisting=\count292
 (C:\Users\Usuario\AppData\Local\Programs\MiKTeX\tex/latex/caption\subcaption.sty
Package: subcaption 2023/07/28 v1.6b Sub-captions (AR)
Package caption Info: New subtype `subfigure' on input line 238.
\c@subfigure=\count293
Package caption Info: New subtype `subtable' on input line 238.
\c@subtable=\count294
) (C:\Users\Usuario\AppData\Local\Programs\MiKTeX\tex/latex/natbib\natbib.sty
Package: natbib 2010/09/13 8.31b (PWD, AO)
\bibhang=\skip66
\bibsep=\skip67
LaTeX Info: Redefining \cite on input line 694.
\c@NAT@ctr=\count295
) (C:\Users\Usuario\AppData\Local\Programs\MiKTeX\tex/latex/bookmark\bookmark.sty
Package: bookmark 2023-12-10 v1.31 PDF bookmarks (HO)
 (C:\Users\Usuario\AppData\Local\Programs\MiKTeX\tex/latex/hyperref\hyperref.sty
Package: hyperref 2024-01-20 v7.01h Hypertext links for LaTeX
 (C:\Users\Usuario\AppData\Local\Programs\MiKTeX\tex/generic/kvdefinekeys\kvdefinekeys.sty
Package: kvdefinekeys 2019-12-19 v1.6 Define keys (HO)
) (C:\Users\Usuario\AppData\Local\Programs\MiKTeX\tex/generic/pdfescape\pdfescape.sty
Package: pdfescape 2019/12/09 v1.15 Implements pdfTeX's escape features (HO)
 (C:\Users\Usuario\AppData\Local\Programs\MiKTeX\tex/generic/pdftexcmds\pdftexcmds.sty
Package: pdftexcmds 2020-06-27 v0.33 Utility functions of pdfTeX for LuaTeX (HO)
 (C:\Users\Usuario\AppData\Local\Programs\MiKTeX\tex/generic/infwarerr\infwarerr.sty
Package: infwarerr 2019/12/03 v1.5 Providing info/warning/error messages (HO)
)
Package pdftexcmds Info: \pdf@primitive is available.
Package pdftexcmds Info: \pdf@ifprimitive is available.
Package pdftexcmds Info: \pdfdraftmode found.
)) (C:\Users\Usuario\AppData\Local\Programs\MiKTeX\tex/latex/hycolor\hycolor.sty
Package: hycolor 2020-01-27 v1.10 Color options for hyperref/bookmark (HO)
) (C:\Users\Usuario\AppData\Local\Programs\MiKTeX\tex/latex/auxhook\auxhook.sty
Package: auxhook 2019-12-17 v1.6 Hooks for auxiliary files (HO)
) (C:\Users\Usuario\AppData\Local\Programs\MiKTeX\tex/latex/hyperref\nameref.sty
Package: nameref 2023-11-26 v2.56 Cross-referencing by name of section
 (C:\Users\Usuario\AppData\Local\Programs\MiKTeX\tex/latex/refcount\refcount.sty
Package: refcount 2019/12/15 v3.6 Data extraction from label references (HO)
) (C:\Users\Usuario\AppData\Local\Programs\MiKTeX\tex/generic/gettitlestring\gettitlestring.sty
Package: gettitlestring 2019/12/15 v1.6 Cleanup title references (HO)
)
\c@section@level=\count296
)
\@linkdim=\dimen180
\Hy@linkcounter=\count297
\Hy@pagecounter=\count298
 (C:\Users\Usuario\AppData\Local\Programs\MiKTeX\tex/latex/hyperref\pd1enc.def
File: pd1enc.def 2024-01-20 v7.01h Hyperref: PDFDocEncoding definition (HO)
Now handling font encoding PD1 ...
... no UTF-8 mapping file for font encoding PD1
) (C:\Users\Usuario\AppData\Local\Programs\MiKTeX\tex/generic/intcalc\intcalc.sty
Package: intcalc 2019/12/15 v1.3 Expandable calculations with integers (HO)
)
\Hy@SavedSpaceFactor=\count299
 (C:\Users\Usuario\AppData\Local\Programs\MiKTeX\tex/latex/hyperref\puenc.def
File: puenc.def 2024-01-20 v7.01h Hyperref: PDF Unicode definition (HO)
Now handling font encoding PU ...
... no UTF-8 mapping file for font encoding PU
)
Package hyperref Info: Option `unicode' set `true' on input line 4062.
Package hyperref Info: Hyper figures OFF on input line 4179.
Package hyperref Info: Link nesting OFF on input line 4184.
Package hyperref Info: Hyper index ON on input line 4187.
Package hyperref Info: Plain pages OFF on input line 4194.
Package hyperref Info: Backreferencing OFF on input line 4199.
Package hyperref Info: Implicit mode ON; LaTeX internals redefined.
Package hyperref Info: Bookmarks ON on input line 4446.
\c@Hy@tempcnt=\count300
 (C:\Users\Usuario\AppData\Local\Programs\MiKTeX\tex/latex/url\url.sty
\Urlmuskip=\muskip17
Package: url 2013/09/16  ver 3.4  Verb mode for urls, etc.
)
LaTeX Info: Redefining \url on input line 4784.
\XeTeXLinkMargin=\dimen181
 (C:\Users\Usuario\AppData\Local\Programs\MiKTeX\tex/generic/bitset\bitset.sty
Package: bitset 2019/12/09 v1.3 Handle bit-vector datatype (HO)
 (C:\Users\Usuario\AppData\Local\Programs\MiKTeX\tex/generic/bigintcalc\bigintcalc.sty
Package: bigintcalc 2019/12/15 v1.5 Expandable calculations on big integers (HO)
))
\Fld@menulength=\count301
\Field@Width=\dimen182
\Fld@charsize=\dimen183
Package hyperref Info: Hyper figures OFF on input line 6063.
Package hyperref Info: Link nesting OFF on input line 6068.
Package hyperref Info: Hyper index ON on input line 6071.
Package hyperref Info: backreferencing OFF on input line 6078.
Package hyperref Info: Link coloring OFF on input line 6083.
Package hyperref Info: Link coloring with OCG OFF on input line 6088.
Package hyperref Info: PDF/A mode OFF on input line 6093.
 (C:\Users\Usuario\AppData\Local\Programs\MiKTeX\tex/latex/base\atbegshi-ltx.sty
Package: atbegshi-ltx 2021/01/10 v1.0c Emulation of the original atbegshi
package with kernel methods
)
\Hy@abspage=\count302
\c@Item=\count303
\c@Hfootnote=\count304
)
Package hyperref Info: Driver (autodetected): hpdftex.
 (C:\Users\Usuario\AppData\Local\Programs\MiKTeX\tex/latex/hyperref\hpdftex.def
File: hpdftex.def 2024-01-20 v7.01h Hyperref driver for pdfTeX
 (C:\Users\Usuario\AppData\Local\Programs\MiKTeX\tex/latex/base\atveryend-ltx.sty
Package: atveryend-ltx 2020/08/19 v1.0a Emulation of the original atveryend package
with kernel methods
)
\Fld@listcount=\count305
\c@bookmark@seq@number=\count306
 (C:\Users\Usuario\AppData\Local\Programs\MiKTeX\tex/latex/rerunfilecheck\rerunfilecheck.sty
Package: rerunfilecheck 2022-07-10 v1.10 Rerun checks for auxiliary files (HO)
 (C:\Users\Usuario\AppData\Local\Programs\MiKTeX\tex/generic/uniquecounter\uniquecounter.sty
Package: uniquecounter 2019/12/15 v1.4 Provide unlimited unique counter (HO)
)
Package uniquecounter Info: New unique counter `rerunfilecheck' on input line 285.
)
\Hy@SectionHShift=\skip68
) (C:\Users\Usuario\AppData\Local\Programs\MiKTeX\tex/latex/bookmark\bkm-pdftex.def
File: bkm-pdftex.def 2023-12-10 v1.31 bookmark driver for pdfTeX and luaTeX (HO)
\BKM@id=\count307
)) (C:\Users\Usuario\AppData\Local\Programs\MiKTeX\tex/latex/xurl\xurl.sty
Package: xurl 2022/01/09 v 0.10 modify URL breaks
)
Package hyperref Info: Option `colorlinks' set `true' on input line 159.
\c@thm=\count308
 (C:\Users\Usuario\AppData\Local\Programs\MiKTeX\tex/latex/enumitem\enumitem.sty
Package: enumitem 2019/06/20 v3.9 Customized lists
\labelindent=\skip69
\enit@outerparindent=\dimen184
\enit@toks=\toks39
\enit@inbox=\box64
\enit@count@id=\count309
\enitdp@description=\count310
)
LaTeX Font Info:    Trying to load font information for T1+lmr on input line 212.
 (C:\Users\Usuario\AppData\Local\Programs\MiKTeX\tex/latex/lm\t1lmr.fd
File: t1lmr.fd 2015/05/01 v1.6.1 Font defs for Latin Modern
) (C:\Users\Usuario\AppData\Local\Programs\MiKTeX\tex/latex/l3backend\l3backend-pdftex.def
File: l3backend-pdftex.def 2024-02-20 L3 backend support: PDF output (pdfTeX)
\l__color_backend_stack_int=\count311
\l__pdf_internal_box=\box65
) (paper.aux

LaTeX Warning: Label `sec:properties_legression' multiply defined.


LaTeX Warning: Label `eq:CM' multiply defined.

)
\openout1 = `paper.aux'.

LaTeX Font Info:    Checking defaults for OML/cmm/m/it on input line 212.
LaTeX Font Info:    ... okay on input line 212.
LaTeX Font Info:    Checking defaults for OMS/cmsy/m/n on input line 212.
LaTeX Font Info:    ... okay on input line 212.
LaTeX Font Info:    Checking defaults for OT1/cmr/m/n on input line 212.
LaTeX Font Info:    ... okay on input line 212.
LaTeX Font Info:    Checking defaults for T1/cmr/m/n on input line 212.
LaTeX Font Info:    ... okay on input line 212.
LaTeX Font Info:    Checking defaults for TS1/cmr/m/n on input line 212.
LaTeX Font Info:    ... okay on input line 212.
LaTeX Font Info:    Checking defaults for OMX/cmex/m/n on input line 212.
LaTeX Font Info:    ... okay on input line 212.
LaTeX Font Info:    Checking defaults for U/cmr/m/n on input line 212.
LaTeX Font Info:    ... okay on input line 212.
LaTeX Font Info:    Checking defaults for PD1/pdf/m/n on input line 212.
LaTeX Font Info:    ... okay on input line 212.
LaTeX Font Info:    Checking defaults for PU/pdf/m/n on input line 212.
LaTeX Font Info:    ... okay on input line 212.
LaTeX Info: Redefining \microtypecontext on input line 212.
Package microtype Info: Applying patch `item' on input line 212.
Package microtype Info: Applying patch `toc' on input line 212.
Package microtype Info: Applying patch `eqnum' on input line 212.
Package microtype Info: Applying patch `footnote' on input line 212.
Package microtype Info: Applying patch `verbatim' on input line 212.
LaTeX Info: Redefining \microtypesetup on input line 212.
Package microtype Info: Generating PDF output.
Package microtype Info: Character protrusion enabled (level 2).
Package microtype Info: Using protrusion set `basicmath'.
Package microtype Info: Automatic font expansion enabled (level 2),
(microtype)             stretch: 20, shrink: 20, step: 1, non-selected.
Package microtype Info: Using default expansion set `alltext-nott'.
Package microtype Info: Patching command `\showhyphens'.
Package microtype Info: No adjustment of tracking.
Package microtype Info: No adjustment of interword spacing.
Package microtype Info: No adjustment of character kerning.
 (C:\Users\Usuario\AppData\Local\Programs\MiKTeX\tex/latex/microtype\mt-cmr.cfg
File: mt-cmr.cfg 2013/05/19 v2.2 microtype config. file: Computer Modern Roman (RS)
) (C:\Users\Usuario\AppData\Local\Programs\MiKTeX\tex/context/base/mkii\supp-pdf.mkii
[Loading MPS to PDF converter (version 2006.09.02).]
\scratchcounter=\count312
\scratchdimen=\dimen185
\scratchbox=\box66
\nofMPsegments=\count313
\nofMParguments=\count314
\everyMPshowfont=\toks40
\MPscratchCnt=\count315
\MPscratchDim=\dimen186
\MPnumerator=\count316
\makeMPintoPDFobject=\count317
\everyMPtoPDFconversion=\toks41
) (C:\Users\Usuario\AppData\Local\Programs\MiKTeX\tex/latex/epstopdf-pkg\epstopdf-base.sty
Package: epstopdf-base 2020-01-24 v2.11 Base part for package epstopdf
Package epstopdf-base Info: Redefining graphics rule for `.eps' on input line 485.
 (C:\Users\Usuario\AppData\Local\Programs\MiKTeX\tex/latex/00miktex\epstopdf-sys.cfg
File: epstopdf-sys.cfg 2021/03/18 v2.0 Configuration of epstopdf for MiKTeX
))
Package caption Info: Begin \AtBeginDocument code.
Package caption Info: float package is loaded.
Package caption Info: hyperref package is loaded.
Package caption Info: End \AtBeginDocument code.
Package hyperref Info: Link coloring ON on input line 212.
LaTeX Font Info:    Trying to load font information for OT1+lmr on input line 232.
 (C:\Users\Usuario\AppData\Local\Programs\MiKTeX\tex/latex/lm\ot1lmr.fd
File: ot1lmr.fd 2015/05/01 v1.6.1 Font defs for Latin Modern
)
LaTeX Font Info:    Trying to load font information for OML+lmm on input line 232.
 (C:\Users\Usuario\AppData\Local\Programs\MiKTeX\tex/latex/lm\omllmm.fd
File: omllmm.fd 2015/05/01 v1.6.1 Font defs for Latin Modern
)
LaTeX Font Info:    Trying to load font information for OMS+lmsy on input line 232.
 (C:\Users\Usuario\AppData\Local\Programs\MiKTeX\tex/latex/lm\omslmsy.fd
File: omslmsy.fd 2015/05/01 v1.6.1 Font defs for Latin Modern
)
LaTeX Font Info:    Trying to load font information for OMX+lmex on input line 232.
 (C:\Users\Usuario\AppData\Local\Programs\MiKTeX\tex/latex/lm\omxlmex.fd
File: omxlmex.fd 2015/05/01 v1.6.1 Font defs for Latin Modern
)
LaTeX Font Info:    External font `lmex10' loaded for size
(Font)              <14.4> on input line 232.
LaTeX Font Info:    External font `lmex10' loaded for size
(Font)              <10> on input line 232.
LaTeX Font Info:    External font `lmex10' loaded for size
(Font)              <7> on input line 232.
LaTeX Font Info:    Trying to load font information for U+msa on input line 232.
 (C:\Users\Usuario\AppData\Local\Programs\MiKTeX\tex/latex/amsfonts\umsa.fd
File: umsa.fd 2013/01/14 v3.01 AMS symbols A
) (C:\Users\Usuario\AppData\Local\Programs\MiKTeX\tex/latex/microtype\mt-msa.cfg
File: mt-msa.cfg 2006/02/04 v1.1 microtype config. file: AMS symbols (a) (RS)
)
LaTeX Font Info:    Trying to load font information for U+msb on input line 232.
 (C:\Users\Usuario\AppData\Local\Programs\MiKTeX\tex/latex/amsfonts\umsb.fd
File: umsb.fd 2013/01/14 v3.01 AMS symbols B
) (C:\Users\Usuario\AppData\Local\Programs\MiKTeX\tex/latex/microtype\mt-msb.cfg
File: mt-msb.cfg 2005/06/01 v1.0 microtype config. file: AMS symbols (b) (RS)
)
LaTeX Font Info:    Trying to load font information for TS1+lmr on input line 232.
 (C:\Users\Usuario\AppData\Local\Programs\MiKTeX\tex/latex/lm\ts1lmr.fd
File: ts1lmr.fd 2015/05/01 v1.6.1 Font defs for Latin Modern
)
LaTeX Font Info:    External font `lmex10' loaded for size
(Font)              <5> on input line 232.
LaTeX Font Info:    Trying to load font information for T1+lmss on input line 247.
 (C:\Users\Usuario\AppData\Local\Programs\MiKTeX\tex/latex/lm\t1lmss.fd
File: t1lmss.fd 2015/05/01 v1.6.1 Font defs for Latin Modern
)
Package microtype Info: Loading generic protrusion settings for font family
(microtype)             `lmss' (encoding: T1).
(microtype)             For optimal results, create family-specific settings.
(microtype)             See the microtype manual for details.
LaTeX Font Info:    External font `lmex10' loaded for size
(Font)              <10.95> on input line 247.
LaTeX Font Info:    External font `lmex10' loaded for size
(Font)              <8> on input line 247.
LaTeX Font Info:    External font `lmex10' loaded for size
(Font)              <6> on input line 247.
 [1

{C:/Users/Usuario/AppData/Local/MiKTeX/fonts/map/pdftex/pdftex.map}{C:/Users/Usuario/AppData/Local/Programs/MiKTeX/fonts/enc/dvips/lm/lm-ec.enc}{C:/Users/Usuario/AppData/Local/Programs/MiKTeX/fonts/enc/dvips/lm/lm-ts1.enc}{C:/Users/Usuario/AppData/Local/Programs/MiKTeX/fonts/enc/dvips/lm/lm-mathsy.enc}{C:/Users/Usuario/AppData/Local/Programs/MiKTeX/fonts/enc/dvips/lm/lm-mathit.enc}{C:/Users/Usuario/AppData/Local/Programs/MiKTeX/fonts/enc/dvips/lm/lm-rm.enc}]

Package natbib Warning: Citation `giannone2021economic' on page 2 undefined on input line 269.

[2]
LaTeX Font Info:    External font `lmex10' loaded for size
(Font)              <12> on input line 272.


Package natbib Warning: Citation `lasso' on page 3 undefined on input line 278.


Package natbib Warning: Citation `bertsimas' on page 3 undefined on input line 278.


Package natbib Warning: Citation `infotheowainwright' on page 3 undefined on input line 278.


Package natbib Warning: Citation `XXXbyon' on page 3 undefined on input line 278.


Package natbib Warning: Citation `mazumder2020' on page 3 undefined on input line 278.


Package natbib Warning: Citation `bertsimas2020sparse' on page 3 undefined on input line 278.


Package natbib Warning: Citation `Yang2016' on page 3 undefined on input line 278.


Package natbib Warning: Citation `zhou2022' on page 3 undefined on input line 278.


Package natbib Warning: Citation `BIC' on page 3 undefined on input line 278.


Package natbib Warning: Citation `EBIC' on page 3 undefined on input line 278.


Package natbib Warning: Citation `rossell2022concentration' on page 3 undefined on input line 278.

[3]

Package natbib Warning: Citation `telesca' on page 4 undefined on input line 280.


Package natbib Warning: Citation `dunson...' on page 4 undefined on input line 280.


LaTeX Warning: Command \. invalid in math mode on input line 284.

c:/Users/Usuario/Documents/GitHub/varsel.extdata/WIP/paper/paper.tex:284: Please use \mathaccent for accents in math mode.
\MT@orig@add@accent ...gnorespaces \relax \accent 
                                                  #1 #2\egroup \ifmmode \els...
l.284     \Gamma: z_i \to B_j,\,\. j
                                    \in \{1,...b\}.
I'm changing \accent to \mathaccent here; wish me luck.
(Accents are not the same in formulas as they are in text.)


Package natbib Warning: Citation `BIC' on page 4 undefined on input line 286.


Package natbib Warning: Citation `EBIC' on page 4 undefined on input line 286.

[4]

Package natbib Warning: Citation `stingo:2011' on page 5 undefined on input line 290.


Package natbib Warning: Citation `cassese:2014' on page 5 undefined on input line 290.


Package natbib Warning: Citation `vandeWiel2019' on page 5 undefined on input line 290.


Package natbib Warning: Citation `Velten2021' on page 5 undefined on input line 290.


Package natbib Warning: Citation `busatto2023' on page 5 undefined on input line 290.


Package natbib Warning: Citation `peterson' on page 5 undefined on input line 290.


Package natbib Warning: Citation `jewson2023graphical' on page 5 undefined on input line 290.


Package natbib Warning: Citation `schiavon2022generalized' on page 5 undefined on input line 290.


Package natbib Warning: Citation `Bergersen2011' on page 5 undefined on input line 290.


Package natbib Warning: Citation `Boulesteix2017' on page 5 undefined on input line 290.


Package natbib Warning: Citation `chen_tinghuei:2021' on page 5 undefined on input line 290.


Package natbib Warning: Citation `Zeng2020' on page 5 undefined on input line 290.


Package natbib Warning: Citation `vanNee2023' on page 5 undefined on input line 290.


Package natbib Warning: Citation `vandewiel2024' on page 5 undefined on input line 290.


Package natbib Warning: Citation `belloni2014inference' on page 5 undefined on input line 290.


Package natbib Warning: Citation `antonelli2021bayesian' on page 5 undefined on input line 290.

[5]

Package natbib Warning: Citation `Jiang2016' on page 6 undefined on input line 292.


Package natbib Warning: Citation `Li2021' on page 6 undefined on input line 292.


Package natbib Warning: Citation `Li2024' on page 6 undefined on input line 292.


Package natbib Warning: Citation `Tian2023' on page 6 undefined on input line 292.


Package natbib Warning: Citation `dunson' on page 6 undefined on input line 292.


Package natbib Warning: Citation `infotheowainwright' on page 6 undefined on input line 298.


Package natbib Warning: Citation `wang2010' on page 6 undefined on input line 298.


Package natbib Warning: Citation `bryon' on page 6 undefined on input line 298.


Package natbib Warning: Citation `butucea2018' on page 6 undefined on input line 298.

[6]

LaTeX Warning: Reference `sec:TL' on page 7 undefined on input line 300.

[7] [8] [9{C:/Users/Usuario/AppData/Local/Programs/MiKTeX/fonts/enc/dvips/lm/lm-mathex.enc}]

Package natbib Warning: Citation `BIC' on page 10 undefined on input line 338.


Package natbib Warning: Citation `zellner1986assessing' on page 10 undefined on input line 348.


c:/Users/Usuario/Documents/GitHub/varsel.extdata/WIP/paper/paper.tex:349: LaTeX Error: Unicode character − (U+2212)
               not set up for use with LaTeX.

See the LaTeX manual or LaTeX Companion for explanation.
Type  H <return>  for immediate help.
 ...                                              
                                                  
l.349 ...kappa = \frac12 \ln(n) + \ln(1/\theta −
                                                   1)$ approximately maximiz...
You may provide a definition with
\DeclareUnicodeCharacter 

[10]
c:/Users/Usuario/Documents/GitHub/varsel.extdata/WIP/paper/paper.tex:372: Double superscript.
l.372 ...1$, $\hat S^{ei}$ recovers $\hat{S}^{sd}^
                                                  {sd}$.
I treat `x^1^2' essentially like `x^1{}^2'.

c:/Users/Usuario/Documents/GitHub/varsel.extdata/WIP/paper/paper.tex:378: Double superscript.
l.378 ...z_i=1$ if $i\in \cup_{k=1}^K\hat{S}^{sd}^
                                                  {(k)}$ and $z_i=0$ otherwi...
I treat `x^1^2' essentially like `x^1{}^2'.

[11]
c:/Users/Usuario/Documents/GitHub/varsel.extdata/WIP/paper/paper.tex:383: Double superscript.
l.383 ...h $B_1=\{i:i\in \cup_{k=1}^K\hat{S}^{sd}^
                                                  {(k)}\}$ and $B_2=V\setmin...
I treat `x^1^2' essentially like `x^1{}^2'.


LaTeX Warning: Reference `XXX' on page 12 undefined on input line 386.

[12]
c:/Users/Usuario/Documents/GitHub/varsel.extdata/WIP/paper/paper.tex:403: Double superscript.
l.403 ...fits of $\hat S^{ei}$ over $\hat{S}^{sd}^
                                                  {sd}$ in relation to the r...
I treat `x^1^2' essentially like `x^1{}^2'.


LaTeX Warning: Reference `' on page 13 undefined on input line 403.

[13]

LaTeX Font Warning: Font shape `T1/lmr/bx/sc' undefined
(Font)              using `T1/lmr/bx/n' instead on input line 419.


Package natbib Warning: Citation `rossell2022concentration' on page 14 undefined on input line 423.

[14] [15]
c:/Users/Usuario/Documents/GitHub/varsel.extdata/WIP/paper/paper.tex:487: Double superscript.
l.487 ...informed $\ell_0$ selector $\hat{S}^{sd}^
                                                  {sd}$, they nearly match t...
I treat `x^1^2' essentially like `x^1{}^2'.


Package natbib Warning: Citation `butucea2018' on page 16 undefined on input line 487.

c:/Users/Usuario/Documents/GitHub/varsel.extdata/WIP/paper/paper.tex:487: Undefined control sequence.
l.487 ...e choice $\sqrt{\tilde{\kappa}}=(1/2)\sqr
                                                  {n/2}\beta_{\min}^*+(1/2)\...
The control sequence at the end of the top line
of your error message was never \def'ed. If you have
misspelled it (e.g., `\hobx'), type `I' and the correct
spelling (e.g., `I\hbox'). Otherwise just continue,
and I'll forget about whatever was undefined.

[16]

LaTeX Warning: Command \O invalid in math mode on input line 508.

c:/Users/Usuario/Documents/GitHub/varsel.extdata/WIP/paper/paper.tex:508: Double superscript.
l.508 ...\quad \lim_{n \to \infty} P(\hat{S}^{sd}^
                                                  b=S)= 0$.
I treat `x^1^2' essentially like `x^1{}^2'.


Underfull \hbox (badness 1117) in paragraph at lines 511--513
[]\T1/lmr/m/it/12 (+20) If for some $\OML/lmm/m/it/12 j \OMS/lmsy/m/n/12 2 f\OT1/lmr/m/n/12 (+20) 1\OML/lmm/m/it/12 ; [] ; b\OMS/lmsy/m/n/12 g$\T1/lmr/m/it/12 (+20) , $[][] []\OT1/lmr/m/n/12 (+20) (\OML/lmm/m/it/12 p[] \OMS/lmsy/m/n/12 ^^@ \OML/lmm/m/it/12 s[]\OT1/lmr/m/n/12 (+20) ) \OMS/lmsy/m/n/12 ! 1$ \T1/lmr/m/it/12 (+20) and $[][] []\OML/lmm/m/it/12 ^^L[] \OMS/lmsy/m/n/12 ^^@
 []

[17]

LaTeX Warning: Reference `cond:necIallblockpen' on page 18 undefined on input line 527.

c:/Users/Usuario/Documents/GitHub/varsel.extdata/WIP/paper/paper.tex:527: Double superscript.
l.527 ...informed $\ell_0$ selector $\hat{S}^{sd}^
                                                  {sd}$, improve on the know...
I treat `x^1^2' essentially like `x^1{}^2'.


Package natbib Warning: Citation `infotheowainwright' on page 18 undefined on input line 527.


Package natbib Warning: Citation `XXX' on page 18 undefined on input line 527.

[18]
c:/Users/Usuario/Documents/GitHub/varsel.extdata/WIP/paper/paper.tex:610: Double superscript.
l.610 ...angeblockpenex} imply that $\hat{S}^{sd}^
                                                  {i}$ requires milder condi...
I treat `x^1^2' essentially like `x^1{}^2'.

c:/Users/Usuario/Documents/GitHub/varsel.extdata/WIP/paper/paper.tex:614: Double superscript.
l.614 ...\hat{S}^{ei}$ but not with $\hat{S}^{sd}^
                                                  {sd}$.
I treat `x^1^2' essentially like `x^1{}^2'.


LaTeX Warning: Reference `eq:optimrateconvreg' on page 19 undefined on input line 622.


LaTeX Warning: Reference `eq:ratioCR' on page 19 undefined on input line 628.


LaTeX Warning: Reference `eq:optimrateconvgsm' on page 19 undefined on input line 628.

[19] [20]

LaTeX Warning: Reference `fig:boundthresh' on page 21 undefined on input line 677.


LaTeX Warning: Reference `fig:boundthresh2' on page 21 undefined on input line 677.

c:/Users/Usuario/Documents/GitHub/varsel.extdata/WIP/paper/paper.tex:677: Double superscript.
l.677 ...cy with $\hat{S}^{sd}$ and $\hat{S}^{sd}^
                                                  {b}$ given in \eqref{eq:ra...
I treat `x^1^2' essentially like `x^1{}^2'.


LaTeX Warning: Reference `eq:rangethreshex' on page 21 undefined on input line 677.


LaTeX Warning: Reference `eq:rangeblockthreshex' on page 21 undefined on input line 677.

c:/Users/Usuario/Documents/GitHub/varsel.extdata/WIP/paper/paper.tex:677: Double superscript.
l.677 ...onsidered while it is with $\hat{S}^{sd}^
                                                  {b}$.
I treat `x^1^2' essentially like `x^1{}^2'.

c:/Users/Usuario/Documents/GitHub/varsel.extdata/WIP/paper/paper.tex:678: Double superscript.
l.678 ...uires larger $n$ than with $\hat{S}^{sd}^
                                                  b$. Example 1 shows that t...
I treat `x^1^2' essentially like `x^1{}^2'.


LaTeX Warning: Reference `fig:ratios' on page 21 undefined on input line 722.

c:/Users/Usuario/Documents/GitHub/varsel.extdata/WIP/paper/paper.tex:722: Double superscript.
l.722 ...very is possible with both $\hat{S}^{sd}^
                                                  {sd}$ and $\hat S^b$. Figu...
I treat `x^1^2' essentially like `x^1{}^2'.


LaTeX Warning: Reference `fig:ratios' on page 21 undefined on input line 722.

[21] [22]

Package natbib Warning: Citation `papaspiliopoulos:2025' on page 23 undefined on input line 764.

c:/Users/Usuario/Documents/GitHub/varsel.extdata/WIP/paper/paper.tex:766: Undefined control sequence.
l.766 ...\in B_j}\sum_{M\in\M: i\in M}P(M \mid \bs
                                                   y,\hat{\bs \theta}).$$
The control sequence at the end of the top line
of your error message was never \def'ed. If you have
misspelled it (e.g., `\hobx'), type `I' and the correct
spelling (e.g., `I\hbox'). Otherwise just continue,
and I'll forget about whatever was undefined.

c:/Users/Usuario/Documents/GitHub/varsel.extdata/WIP/paper/paper.tex:766: Undefined control sequence.
<recently read> \bs 
                    
l.766 ...M: i\in M}P(M \mid \bs y,\hat{\bs \theta}
                                                  ).$$
The control sequence at the end of the top line
of your error message was never \def'ed. If you have
misspelled it (e.g., `\hobx'), type `I' and the correct
spelling (e.g., `I\hbox'). Otherwise just continue,
and I'll forget about whatever was undefined.

c:/Users/Usuario/Documents/GitHub/varsel.extdata/WIP/paper/paper.tex:766: Undefined control sequence.
<argument> \bs 
               \theta 
l.766 ...M: i\in M}P(M \mid \bs y,\hat{\bs \theta}
                                                  ).$$
The control sequence at the end of the top line
of your error message was never \def'ed. If you have
misspelled it (e.g., `\hobx'), type `I' and the correct
spelling (e.g., `I\hbox'). Otherwise just continue,
and I'll forget about whatever was undefined.

[23]
pdfTeX warning (ext4): destination with the same identifier (name{equation.3.26}) has been already used, duplicate ignored
<to be read again> 
                   \relax 
l.769 \begin{equation}
                      \label{eq:shat}
pdfTeX warning (ext4): destination with the same identifier (name{equation.3.26}) has been already used, duplicate ignored
<to be read again> 
                   \relax 
l.769 \begin{equation}
                      \label{eq:shat}
pdfTeX warning (ext4): destination with the same identifier (name{equation.3.26}) has been already used, duplicate ignored
<to be read again> 
                   \relax 
l.769 \begin{equation}
                      \label{eq:shat}
pdfTeX warning (ext4): destination with the same identifier (name{equation.3.26}) has been already used, duplicate ignored
<to be read again> 
                   \relax 
l.769 \begin{equation}
                      \label{eq:shat} [24]

LaTeX Warning: Reference `sec:examplesinforml0' on page 25 undefined on input line 797.

[25]
c:/Users/Usuario/Documents/GitHub/varsel.extdata/WIP/paper/paper.tex:850: Double superscript.
l.850 ...s non-informed counterpart $\hat{S}^{sd}^
                                                  {A,sd}$ that sets in Step ...
I treat `x^1^2' essentially like `x^1{}^2'.

c:/Users/Usuario/Documents/GitHub/varsel.extdata/WIP/paper/paper.tex:850: Double superscript.
l.850 ...f{theo:informedl0consist}, $\hat{S}^{sd}^
                                                  {A}$ is variable selection...
I treat `x^1^2' essentially like `x^1{}^2'.


LaTeX Warning: Reference `XXX' on page 26 undefined on input line 856.


Overfull \hbox (263.13426pt too wide) detected at line 858
\OT1/lmr/m/n/12 (\OML/lmm/m/it/12 ^^L[] \OMS/lmsy/m/n/12 ^^@ []\OT1/lmr/m/n/12 )[] \OMS/lmsy/m/n/12 ^^@ []\OT1/lmr/m/n/12 (\OML/lmm/m/it/12 s[]\OT1/lmr/m/n/12 ) = [] [](\OML/lmm/m/it/12 ^^L[] \OMS/lmsy/m/n/12 ^^@ []\OT1/lmr/m/n/12 )[] \OMS/lmsy/m/n/12 ^^@ []\OT1/lmr/m/n/12 (\OML/lmm/m/it/12 s[]\OT1/lmr/m/n/12 )\OML/lmm/m/it/12 ; ^^T[] \OMS/lmsy/m/n/12 ^^@ []\OT1/lmr/m/n/12 (\OML/lmm/m/it/12 p[] \OMS/lmsy/m/n/12 ^^@ \OML/lmm/m/it/12 s[]\OT1/lmr/m/n/12 )[] [] (\OML/lmm/m/it/12 ^^L[] \OMS/lmsy/m/n/12 ^^@ []\OT1/lmr/m/n/12 )[] \OMS/lmsy/m/n/12 ^^@ []\OT1/lmr/m/n/12 (\OML/lmm/m/it/12 s\OT1/lmr/m/n/12 ) = [] [](\OML/lmm/m/it/12 ^^L[] \OMS/lmsy/m/n/12 ^^@ []\OT1/lmr/m/n/12 )[] \OMS/lmsy/m/n/12 ^^@ []\OT1/lmr/m/n/12 (\OML/lmm/m/it/12 s\OT1/lmr/m/n/12 )\OML/lmm/m/it/12 ; ^^T[] \OMS/lmsy/m/n/12 ^^@ []\OT1/lmr/m/n/12 (\OML/lmm/m/it/12 p \OMS/lmsy/m/n/12 ^^@ \OML/lmm/m/it/12 s\OT1/lmr/m/n/12 )[]\OML/lmm/m/it/12 ;
 []

[26]
Overfull \hbox (188.68686pt too wide) detected at line 867
\OML/lmm/m/it/12 ^^T[] \OMS/lmsy/m/n/12 ^^@ []\OT1/lmr/m/n/12 (\OML/lmm/m/it/12 p[] \OMS/lmsy/m/n/12 ^^@ \OML/lmm/m/it/12 s[]\OT1/lmr/m/n/12 ) = [] [](\OML/lmm/m/it/12 ^^L[] \OMS/lmsy/m/n/12 ^^@ []\OT1/lmr/m/n/12 )[] \OMS/lmsy/m/n/12 ^^@ []\OT1/lmr/m/n/12 (\OML/lmm/m/it/12 s[]\OT1/lmr/m/n/12 )\OML/lmm/m/it/12 ; ^^T[] \OMS/lmsy/m/n/12 ^^@ []\OT1/lmr/m/n/12 (\OML/lmm/m/it/12 p[] \OMS/lmsy/m/n/12 ^^@ \OML/lmm/m/it/12 s[]\OT1/lmr/m/n/12 )[] [] \OML/lmm/m/it/12 ^^T[] \OMS/lmsy/m/n/12 ^^@ []\OT1/lmr/m/n/12 (\OML/lmm/m/it/12 p \OMS/lmsy/m/n/12 ^^@ \OML/lmm/m/it/12 s\OT1/lmr/m/n/12 ) = [] [](\OML/lmm/m/it/12 ^^L[] \OMS/lmsy/m/n/12 ^^@ []\OT1/lmr/m/n/12 )[] \OMS/lmsy/m/n/12 ^^@ []\OT1/lmr/m/n/12 (\OML/lmm/m/it/12 s\OT1/lmr/m/n/12 )\OML/lmm/m/it/12 ; ^^T[] \OMS/lmsy/m/n/12 ^^@ []\OT1/lmr/m/n/12 (\OML/lmm/m/it/12 p \OMS/lmsy/m/n/12 ^^@ \OML/lmm/m/it/12 s\OT1/lmr/m/n/12 )[]\OML/lmm/m/it/12 ;
 []

[27]

LaTeX Warning: Reference `' on page 28 undefined on input line 879.


Overfull \hbox (564.39052pt too wide) detected at line 884
[]\OML/lmm/m/it/12 ^^L[]  \OMS/lmsy/m/n/12 ^^@  []  \OT1/lmr/m/n/12 =  [] + \OML/lmm/m/it/12 d[]; [][] []^^L[]  \OMS/lmsy/m/n/12 ^^@  []  \OT1/lmr/m/n/12 =  [] + \OML/lmm/m/it/12 d[]; [][] :
 []


LaTeX Warning: File `fig1.pdf' not found on input line 913.


c:/Users/Usuario/Documents/GitHub/varsel.extdata/WIP/paper/paper.tex:913: Package pdftex.def Error: File `fig1.pdf' not found: using draft setting.

See the pdftex.def package documentation for explanation.
Type  H <return>  for immediate help.
 ...                                              
                                                  
l.913 ...s[width=3in,height=\textheight]{fig1.pdf}
                                                  
Try typing  <return>  to proceed.
If that doesn't work, type  X <return>  to quit.

LaTeX Font Info:    Trying to load font information for T1+lmtt on input line 913.
(C:\Users\Usuario\AppData\Local\Programs\MiKTeX\tex/latex/lm\t1lmtt.fd
File: t1lmtt.fd 2015/05/01 v1.6.1 Font defs for Latin Modern
) [28] [29]

Package natbib Warning: Citation `gelm:veht:2021' on page 30 undefined on input line 957.


Package natbib Warning: Citation `brom:woo:2018' on page 30 undefined on input line 959.


Package natbib Warning: Citation `bish:fien:1975' on page 30 undefined on input line 960.


Package natbib Warning: Citation `infotheowainwright' on page 30 undefined on input line 995.


Package natbib Warning: Citation `wang2010' on page 30 undefined on input line 995.


LaTeX Warning: Reference `ch:introduction' on page 30 undefined on input line 995.


LaTeX Warning: Reference `subsec:litoracle' on page 30 undefined on input line 995.


Package natbib Warning: Citation `infotheowainwright' on page 30 undefined on input line 995.


Package natbib Warning: Citation `wang2010' on page 30 undefined on input line 995.

[30] [31]

Package natbib Warning: Citation `infotheowainwright' on page 32 undefined on input line 1009.


LaTeX Warning: Reference `tab:scalingsuff' on page 32 undefined on input line 1015.


Package natbib Warning: Citation `infotheowainwright' on page 32 undefined on input line 1015.


Package natbib Warning: Citation `infotheowainwright' on page 32 undefined on input line 1015.


Package natbib Warning: Citation `wang2010' on page 32 undefined on input line 1039.

[32]

LaTeX Warning: Reference `tab:scalingnec' on page 33 undefined on input line 1047.


Package natbib Warning: Citation `wang2010' on page 33 undefined on input line 1065.


Package natbib Warning: Citation `wang2010' on page 33 undefined on input line 1065.


Package natbib Warning: Citation `wang2010' on page 33 undefined on input line 1065.


Package natbib Warning: Citation `wang2010' on page 33 undefined on input line 1065.


Package natbib Warning: Citation `rossell2022concentration' on page 33 undefined on input line 1082.


Package natbib Warning: Citation `narisettyhe2014' on page 33 undefined on input line 1084.

[33]

Package natbib Warning: Citation `rossell2022concentration' on page 34 undefined on input line 1091.

[34]

Package natbib Warning: Citation `infotheowainwright' on page 35 undefined on input line 1110.

(paper.bbl)

LaTeX Warning: Reference `sec:properties_orth' on page 35 undefined on input line 1136.

[35] [36]

Package natbib Warning: Citation `birge' on page 37 undefined on input line 1201.

[37]

Package natbib Warning: Citation `rossell2022concentration' on page 38 undefined on input line 1220.


Underfull \hbox (badness 1286) in paragraph at lines 1232--1233
[]\T1/lmr/m/n/12 (+20) For any $\OML/lmm/m/it/12 u \OMS/lmsy/m/n/12 2 \OT1/lmr/m/n/12 (+20) [[]\OML/lmm/m/it/12 ; []\OT1/lmr/m/n/12 (+20) ]$\T1/lmr/m/n/12 (+20) , we have $\OML/lmm/m/it/12 c [] [] \OMS/lmsy/m/n/12 ^^U \OML/lmm/m/it/12 c [] []$\T1/lmr/m/n/12 (+20) . Since $[] \OMS/lmsy/m/n/12 ^^U
 []

[38] [39] [40] [41] [42] [43]

LaTeX Warning: Reference `sec:properties_orth' on page 44 undefined on input line 1464.


LaTeX Warning: Reference `prop:isthresh' on page 44 undefined on input line 1468.


LaTeX Warning: Reference `eq:GSM' on page 44 undefined on input line 1476.

[44]

LaTeX Warning: Reference `lem:l1isthreshold' on page 45 undefined on input line 1482.


LaTeX Warning: Reference `eq:genl1' on page 45 undefined on input line 1483.


LaTeX Warning: Reference `eq:genl1' on page 45 undefined on input line 1483.


LaTeX Warning: Reference `eq:genl1ada' on page 45 undefined on input line 1487.


LaTeX Warning: Reference `prop:suffnecblockthreshI' on page 45 undefined on input line 1491.

[45]

Package natbib Warning: Citation `galambos' on page 46 undefined on input line 1506.


LaTeX Warning: Reference `lem:lowconcentminnormal' on page 46 undefined on input line 1514.


LaTeX Warning: Reference `lem:upconcentminnormal' on page 46 undefined on input line 1520.

[46]

Package natbib Warning: Citation `chu' on page 47 undefined on input line 1532.


LaTeX Warning: Reference `prop:suffnecblockthreshII' on page 47 undefined on input line 1545.


LaTeX Warning: Reference `lem:lowconcentminnormal' on page 47 undefined on input line 1550.

[47]

LaTeX Warning: Reference `lem:gennecIIblockthresh' on page 48 undefined on input line 1559.


LaTeX Warning: Reference `lem:upconcentminnormal' on page 48 undefined on input line 1559.

[48]

LaTeX Warning: Reference `lem:necbetaminblockthresh' on page 49 undefined on input line 1587.


LaTeX Warning: Reference `eq:necbetaminblockthresh' on page 49 undefined on input line 1588.


Underfull \hbox (badness 1783) in paragraph at lines 1588--1589
\T1/lmr/m/n/12 (+20) and [] im-plies that we have ei-ther $[][] []\OML/lmm/m/it/12 ^^\[]=[] < \OT1/lmr/m/n/12 (+20) 1$ \T1/lmr/m/n/12 (+20) or else
 []


LaTeX Warning: Reference `prop:suffnecblockthreshI' on page 49 undefined on input line 1590.


LaTeX Warning: Reference `prop:suffnecblockthreshII' on page 49 undefined on input line 1595.


LaTeX Warning: Reference `theo:fullrecovGS' on page 49 undefined on input line 1597.


LaTeX Warning: Reference `eq:rateconvgsm' on page 49 undefined on input line 1597.


LaTeX Warning: Reference `lem:lowconcentminnormal' on page 49 undefined on input line 1607.

[49]

LaTeX Warning: Reference `eq:rateconvgsm' on page 50 undefined on input line 1616.


LaTeX Warning: Reference `eq:betamin' on page 50 undefined on input line 1618.


LaTeX Warning: Reference `eq:betamin' on page 50 undefined on input line 1618.


LaTeX Warning: Reference `eq:optimrateconvgsm' on page 50 undefined on input line 1626.

[50]

LaTeX Warning: Reference `eq:optimrateconvgsm' on page 51 undefined on input line 1640.


LaTeX Warning: Reference `cor:selconstimpossible' on page 51 undefined on input line 1642.


LaTeX Warning: Reference `lem:necbetaminblockthresh' on page 51 undefined on input line 1643.


LaTeX Warning: Reference `prop:suffnecblockthreshI' on page 51 undefined on input line 1643.


LaTeX Warning: Reference `prop:suffnecblockthreshII' on page 51 undefined on input line 1643.


LaTeX Warning: Reference `prop:suffnecIIblockthreshbis' on page 51 undefined on input line 1646.


LaTeX Warning: Reference `lem:lowconcentminnormal' on page 51 undefined on input line 1649.


LaTeX Warning: Reference `prop:suffnecblockthreshI' on page 51 undefined on input line 1657.


LaTeX Warning: Reference `lem:gennecIIblockthresh' on page 51 undefined on input line 1659.


LaTeX Warning: Reference `cond:necIIallblockthresh2' on page 51 undefined on input line 1660.

[51]

LaTeX Warning: Reference `cond:necIIallblockthresh2' on page 52 undefined on input line 1675.


LaTeX Warning: Reference `lem:necbetaminblockthresh2' on page 52 undefined on input line 1677.


LaTeX Warning: Reference `eq:necbetaminblockthreshbis' on page 52 undefined on input line 1680.


LaTeX Warning: Reference `prop:suffnecblockthreshI' on page 52 undefined on input line 1685.


LaTeX Warning: Reference `lem:gennecIIblockthresh' on page 52 undefined on input line 1686.

[52]

LaTeX Warning: Reference `cor:sfin' on page 53 undefined on input line 1689.


LaTeX Warning: Reference `lem:necbetaminblockthresh2' on page 53 undefined on input line 1689.


LaTeX Warning: Reference `prop:suffnecblockthreshI' on page 53 undefined on input line 1689.


LaTeX Warning: Reference `prop:suffnecIIblockthreshbis' on page 53 undefined on input line 1689.


Package natbib Warning: Citation `rossell2022concentration' on page 53 undefined on input line 1712.

[53] [54] [55] [56] [57]
Overfull \hbox (23.72401pt too wide) in paragraph at lines 1845--1847
\T1/lmr/m/n/12 (-20) where all the terms in $\OMS/lmsy/m/n/12 R$ \T1/lmr/m/n/12 (-20) are prod-uct of two or more of the sums $\OML/lmm/m/it/12 S\OT1/lmr/m/n/12 (-20) (\OML/lmm/m/it/12 u[]\OT1/lmr/m/n/12 (-20) )\OML/lmm/m/it/12 ; [] ; S\OT1/lmr/m/n/12 (-20) (\OML/lmm/m/it/12 u[]\OT1/lmr/m/n/12 (-20) )\OML/lmm/m/it/12 ; S\OT1/lmr/m/n/12 (-20) (\OML/lmm/m/it/12 w[]\OT1/lmr/m/n/12 (-20) )\OML/lmm/m/it/12 ; [] ; S\OT1/lmr/m/n/12 (-20) (\OML/lmm/m/it/12 w[]\OT1/lmr/m/n/12 (-20) )$\T1/lmr/m/n/12 (-20) .
 []

[58]

LaTeX Warning: Reference `theo:fullrecovGS' on page 59 undefined on input line 1870.


LaTeX Warning: Reference `theo:fullrecovGS' on page 59 undefined on input line 1870.

[59]

LaTeX Warning: Reference `theo:fullrecovGS' on page 60 undefined on input line 1889.


LaTeX Warning: Reference `prop:nectypeIreg' on page 60 undefined on input line 1901.

[60]

Package natbib Warning: Citation `hartigan' on page 61 undefined on input line 1925.


LaTeX Warning: Reference `prop:nectypeIreg' on page 61 undefined on input line 1927.


LaTeX Warning: Reference `lem:upperboundnoncentral' on page 61 undefined on input line 1930.


LaTeX Warning: Reference `prop:nectypeIIreg' on page 61 undefined on input line 1934.

[61]

LaTeX Warning: Reference `lem:upperboundnoncentral' on page 62 undefined on input line 1949.

[62]

LaTeX Warning: Reference `prop:nectypeIIreg2' on page 63 undefined on input line 1981.


LaTeX Warning: Reference `lem:upperboundnoncentral' on page 63 undefined on input line 2010.


LaTeX Warning: Reference `eq:necbetaminlingreghbis' on page 63 undefined on input line 2010.

[63]

LaTeX Warning: Reference `cor:necrecovreg' on page 64 undefined on input line 2042.


LaTeX Warning: Reference `eq:necbetaminlinregbis' on page 64 undefined on input line 2045.


LaTeX Warning: Reference `prop:nectypeIreg' on page 64 undefined on input line 2050.


LaTeX Warning: Reference `prop:nectypeIIreg2' on page 64 undefined on input line 2050.


LaTeX Warning: Reference `cor:necrecovreg' on page 64 undefined on input line 2053.

[64] [65] [66] [67]
Underfull \hbox (badness 4096) in paragraph at lines 2144--2146
\T1/lmr/m/n/12 (+20) where the first in-equal-ity fol-lows from [] and the sec-ond in-equal-ity
 []


Underfull \hbox (badness 1867) in paragraph at lines 2144--2146
\T1/lmr/m/n/12 (+20) from []. In [], $\OML/lmm/m/it/12  A[] \OT1/lmr/m/n/12 (+20) = [][] \OMS/lmsy/m/n/12 j\OML/lmm/m/it/12 M[] \OMS/lmsy/m/n/12 n \OML/lmm/m/it/12 T[]\OMS/lmsy/m/n/12 j\OML/lmm/m/it/12  ^^M^^T[] \OT1/lmr/m/n/12 (+20) + [][] \OMS/lmsy/m/n/12 j\OML/lmm/m/it/12 T[] \OMS/lmsy/m/n/12 n
 []

[68] [69]

LaTeX Warning: Reference `theo:suffcondlinearmodelnonlinpen' on page 70 undefined on input line 2210.


LaTeX Warning: Reference `eq:DeltaMbis' on page 70 undefined on input line 2211.


LaTeX Warning: Reference `eq:DeltaMbis' on page 70 undefined on input line 2211.

[70]

LaTeX Warning: Reference `eq:DeltaMbis' on page 71 undefined on input line 2218.

[71] [72]
Underfull \hbox (badness 4096) in paragraph at lines 2275--2277
\T1/lmr/m/n/12 (+20) where the first in-equal-ity fol-lows from [] and the sec-ond in-equal-ity
 []


Underfull \hbox (badness 1824) in paragraph at lines 2275--2277
\T1/lmr/m/n/12 (+20) from []. In [], $\OML/lmm/m/it/12  A[] \OT1/lmr/m/n/12 (+20) = [][] \OMS/lmsy/m/n/12 j\OML/lmm/m/it/12 M[] \OMS/lmsy/m/n/12 n \OML/lmm/m/it/12 S[]\OMS/lmsy/m/n/12 j\OML/lmm/m/it/12  ^^M[]\OT1/lmr/m/n/12 (+20) (\OML/lmm/m/it/12 M\OT1/lmr/m/n/12 (+20) ) + [][] \OMS/lmsy/m/n/12 j\OML/lmm/m/it/12 S[] \OMS/lmsy/m/n/12 n
 []

[73] [74]

LaTeX Warning: Reference `cor:ebic' on page 75 undefined on input line 2329.


LaTeX Warning: Reference `eq:betaminebic' on page 75 undefined on input line 2330.


LaTeX Warning: Reference `theo:suffcondlinearmodelnonlinpen' on page 75 undefined on input line 2330.


LaTeX Warning: Reference `eq:defkappatilde' on page 75 undefined on input line 2332.

[75] [76]

LaTeX Warning: Reference `eq:betaminebic' on page 77 undefined on input line 2396.


LaTeX Warning: Reference `eq:EBICpen' on page 77 undefined on input line 2397.


LaTeX Warning: Reference `eq:betaminebic' on page 77 undefined on input line 2405.

[77]

LaTeX Warning: Reference `eq:betaminebic' on page 78 undefined on input line 2442.


LaTeX Warning: Reference `eq:EBICpen' on page 78 undefined on input line 2444.


LaTeX Warning: Reference `theo:suffcondlinearmodelnonlinpen' on page 78 undefined on input line 2444.

[78]

LaTeX Warning: Reference `prop:nectypeIregnonlin' on page 79 undefined on input line 2446.


LaTeX Warning: Reference `eq:DeltaMbis' on page 79 undefined on input line 2452.


LaTeX Warning: Reference `prop:nectypeIreg' on page 79 undefined on input line 2462.


Package natbib Warning: Citation `hartigan' on page 79 undefined on input line 2462.

[79]

LaTeX Warning: Reference `eq:DeltaMbis' on page 80 undefined on input line 2471.


LaTeX Warning: Reference `prop:nectypeIreg' on page 80 undefined on input line 2482.


LaTeX Warning: Reference `lem:upperboundnoncentral' on page 80 undefined on input line 2482.


LaTeX Warning: Reference `lem:upperboundnoncentral' on page 80 undefined on input line 2482.


LaTeX Warning: Reference `cor:necrecovregnonlin' on page 80 undefined on input line 2484.


LaTeX Warning: Reference `prop:nectypeIregnonlin' on page 80 undefined on input line 2485.

[80]

LaTeX Warning: Reference `eq:necbetaminlinregbis2' on page 81 undefined on input line 2499.


LaTeX Warning: Reference `prop:nectypeIregnonlin' on page 81 undefined on input line 2504.


LaTeX Warning: Reference `prop:nectypeIregnonlin' on page 81 undefined on input line 2505.


LaTeX Warning: Reference `cor:selconstimpossibleregnonlin' on page 81 undefined on input line 2507.


LaTeX Warning: Reference `cor:necrecovregnonlin' on page 81 undefined on input line 2508.


LaTeX Warning: Reference `theo:suffcondlinearmodelnonlinpen' on page 81 undefined on input line 2508.

[81] [82] [83]

LaTeX Warning: Reference `theo:empbayesselconsist' on page 84 undefined on input line 2597.


LaTeX Warning: Reference `theo:empbayesselconsist' on page 84 undefined on input line 2597.

[84] [85] [86] [87]

LaTeX Warning: Reference `theo:empbayesselconsist' on page 88 undefined on input line 2721.

[88]

LaTeX Warning: Reference `theo:empbayesselconsist' on page 89 undefined on input line 2728.

[89]

LaTeX Warning: Reference `sec:empBayescomp' on page 90 undefined on input line 2777.

[90]

LaTeX Warning: Reference `eq:barkappa' on page 91 undefined on input line 2790.

[91] [92] [93]

LaTeX Warning: Reference `eq:defSes2' on page 94 undefined on input line 2901.


LaTeX Warning: Reference `thm:suffcondlinearmodel' on page 94 undefined on input line 2905.


LaTeX Warning: Reference `thm:suffcondlinearmodel' on page 94 undefined on input line 2905.


LaTeX Warning: Reference `theo:empbayesselconsistuprob' on page 94 undefined on input line 2905.


LaTeX Warning: Reference `eq:defSes2' on page 94 undefined on input line 2908.

[94] [95] [96] [97]
Overfull \hbox (2.84978pt too wide) detected at line 2990
[][][]\U/msb/m/n/12 E\OT1/lmr/m/n/12 (\OML/lmm/m/it/12 p\OT1/lmr/m/n/12 (\OML/lmm/m/it/12 M \OMS/lmsy/m/n/12 j \OT1/lmr/bx/n/12 y\OML/lmm/m/it/12 ; []\OT1/lmr/m/n/12 ))  \OMS/lmsy/m/n/12 ^^T  [] [] \OML/lmm/m/it/12 :
 []

[98] [99]

LaTeX Warning: Reference `theo:empbayesselconsistuprob' on page 100 undefined on input line 3051.

[100] [101]
Overfull \hbox (20.44913pt too wide) detected at line 3100
\OML/lmm/m/it/12 E[][] [] p\OT1/lmr/m/n/12 (\OML/lmm/m/it/12 m[] \OT1/lmr/m/n/12 = 1 \OMS/lmsy/m/n/12 j \OT1/lmr/bx/n/12 y\OML/lmm/m/it/12 ; []\OT1/lmr/m/n/12 )[] \OMS/lmsy/m/n/12 ^^T [] [] \U/msb/m/n/12 E\OT1/lmr/m/n/12 (\OML/lmm/m/it/12 p\OT1/lmr/m/n/12 (\OML/lmm/m/it/12 M \OMS/lmsy/m/n/12 j \OT1/lmr/bx/n/12 y\OML/lmm/m/it/12 ; []\OT1/lmr/m/n/12 )) + [] \U/msb/m/n/12 E\OT1/lmr/m/n/12 (\OML/lmm/m/it/12 p\OT1/lmr/m/n/12 (\OML/lmm/m/it/12 M \OMS/lmsy/m/n/12 j \OT1/lmr/bx/n/12 y\OML/lmm/m/it/12 ; []\OT1/lmr/m/n/12 ))\OML/lmm/m/it/12 :
 []


LaTeX Warning: Reference `thm:suffcondlinearmodel' on page 102 undefined on input line 3106.


LaTeX Warning: Reference `thm:suffcondlinearmodel' on page 102 undefined on input line 3107.


LaTeX Warning: Reference `theo:empbayesselconsistuprob' on page 102 undefined on input line 3110.


LaTeX Warning: Reference `thm:suffcondlinearmodel' on page 102 undefined on input line 3111.


LaTeX Warning: Reference `theo:empbayesselconsistuprob' on page 102 undefined on input line 3111.


LaTeX Warning: Reference `thm:suffcondlinearmodel' on page 102 undefined on input line 3112.

[102] [103] [104]
Overfull \hbox (21.79489pt too wide) in paragraph at lines 3198--3200
\T1/lmr/m/n/12 (-20) hold with prob-a-bil-ity go-ing to 1 for $\OML/lmm/m/it/12 !$ \T1/lmr/m/n/12 (-20) as in [] and $\OML/lmm/m/it/12 ![] \OT1/lmr/m/n/12 (-20) = [][]1 + [][] [][]$
 []

[105] [106]

LaTeX Warning: Reference `thm:suffcondlinearmodel' on page 107 undefined on input line 3243.


LaTeX Warning: Reference `thm:ebayes_zerograd' on page 107 undefined on input line 3246.

[107]

LaTeX Warning: Reference `cor:em_zerograd' on page 108 undefined on input line 3308.


LaTeX Warning: Reference `thm:ebayes_zerograd' on page 108 undefined on input line 3324.


Overfull \hbox (23.61656pt too wide) in paragraph at lines 3324--3329
\OT1/lmr/m/n/12 (-20) [\OMS/lmsy/m/n/12 r[]\OML/lmm/m/it/12 ^^Y[]\OT1/lmr/m/n/12 (-20) ([])]\OML/lmm/m/it/12 =\OT1/lmr/m/n/12 (-20) (\OML/lmm/m/it/12 ^^Y[]\OT1/lmr/m/n/12 (-20) ([])[1 \OMS/lmsy/m/n/12 ^^@ \OML/lmm/m/it/12 ^^Y[]\OT1/lmr/m/n/12 (-20) ([])]) = [][]$ \T1/lmr/m/n/12 (-20) and then $\OMS/lmsy/m/n/12 r[]\OML/lmm/m/it/12 f\OT1/lmr/m/n/12 (-20) ([]) = [][] [][] [] =
 []


LaTeX Warning: Reference `prop:mstep_fullrank' on page 108 undefined on input line 3330.

[108]

Package natbib Warning: There were undefined citations.

[109] (paper.aux)
 ***********
LaTeX2e <2023-11-01> patch level 1
L3 programming layer <2024-02-20>
 ***********


LaTeX Font Warning: Some font shapes were not available, defaults substituted.


LaTeX Warning: There were undefined references.


LaTeX Warning: There were multiply-defined labels.

 ) 
Here is how much of TeX's memory you used:
 17523 strings out of 474456
 280791 string characters out of 5741790
 1951190 words of memory out of 5000000
 38721 multiletter control sequences out of 15000+600000
 689927 words of font info for 311 fonts, out of 8000000 for 9000
 1141 hyphenation exceptions out of 8191
 83i,20n,93p,1996b,594s stack positions out of 10000i,1000n,20000p,200000b,200000s

pdfTeX warning (dest): name{lab:A8bis} has been referenced but does not exist, replaced by a fixed one


pdfTeX warning (dest): name{lab:A5ter} has been referenced but does not exist, replaced by a fixed one


pdfTeX warning (dest): name{lab:A4ter} has been referenced but does not exist, replaced by a fixed one


pdfTeX warning (dest): name{lab:A8} has been referenced but does not exist, replaced by a fixed one


pdfTeX warning (dest): name{lab:A4bis} has been referenced but does not exist, replaced by a fixed one


pdfTeX warning (dest): name{lab:A5bis} has been referenced but does not exist, replaced by a fixed one


pdfTeX warning (dest): name{lab:A3bis} has been referenced but does not exist, replaced by a fixed one


pdfTeX warning (dest): name{lab:A15} has been referenced but does not exist, replaced by a fixed one


pdfTeX warning (dest): name{lab:A7} has been referenced but does not exist, replaced by a fixed one

<C:/Users/Usuario/AppData/Local/Programs/MiKTeX/fonts/type1/public/lm/lmbx10.pfb><C:/Users/Usuario/AppData/Local/Programs/MiKTeX/fonts/type1/public/lm/lmbx12.pfb><C:/Users/Usuario/AppData/Local/Programs/MiKTeX/fonts/type1/public/lm/lmbx6.pfb><C:/Users/Usuario/AppData/Local/Programs/MiKTeX/fonts/type1/public/lm/lmbx8.pfb><C:/Users/Usuario/AppData/Local/Programs/MiKTeX/fonts/type1/public/lm/lmex10.pfb><C:/Users/Usuario/AppData/Local/Programs/MiKTeX/fonts/type1/public/lm/lmmi10.pfb><C:/Users/Usuario/AppData/Local/Programs/MiKTeX/fonts/type1/public/lm/lmmi12.pfb><C:/Users/Usuario/AppData/Local/Programs/MiKTeX/fonts/type1/public/lm/lmmi6.pfb><C:/Users/Usuario/AppData/Local/Programs/MiKTeX/fonts/type1/public/lm/lmmi8.pfb><C:/Users/Usuario/AppData/Local/Programs/MiKTeX/fonts/type1/public/lm/lmmib10.pfb><C:/Users/Usuario/AppData/Local/Programs/MiKTeX/fonts/type1/public/lm/lmmib7.pfb><C:/Users/Usuario/AppData/Local/Programs/MiKTeX/fonts/type1/public/lm/lmr10.pfb><C:/Users/Usuario/AppData/Local/Programs/MiKTeX/fonts/type1/public/lm/lmr12.pfb><C:/Users/Usuario/AppData/Local/Programs/MiKTeX/fonts/type1/public/lm/lmr6.pfb><C:/Users/Usuario/AppData/Local/Programs/MiKTeX/fonts/type1/public/lm/lmr7.pfb><C:/Users/Usuario/AppData/Local/Programs/MiKTeX/fonts/type1/public/lm/lmr8.pfb><C:/Users/Usuario/AppData/Local/Programs/MiKTeX/fonts/type1/public/lm/lmri10.pfb><C:/Users/Usuario/AppData/Local/Programs/MiKTeX/fonts/type1/public/lm/lmri12.pfb><C:/Users/Usuario/AppData/Local/Programs/MiKTeX/fonts/type1/public/lm/lmss10.pfb><C:/Users/Usuario/AppData/Local/Programs/MiKTeX/fonts/type1/public/lm/lmsy10.pfb><C:/Users/Usuario/AppData/Local/Programs/MiKTeX/fonts/type1/public/lm/lmsy6.pfb><C:/Users/Usuario/AppData/Local/Programs/MiKTeX/fonts/type1/public/lm/lmsy8.pfb><C:/Users/Usuario/AppData/Local/Programs/MiKTeX/fonts/type1/public/lm/lmtt12.pfb><C:/Users/Usuario/AppData/Local/Programs/MiKTeX/fonts/type1/public/amsfonts/symbols/msbm10.pfb>
Output written on paper.pdf (109 pages, 1099137 bytes).
PDF statistics:
 1965 PDF objects out of 2073 (max. 8388607)
 447 named destinations out of 1000 (max. 500000)
 72321 words of extra memory for PDF output out of 74296 (max. 10000000)

